== ablate g=0.0 l=1.0 s=0_bf16: train=86400 test=9600
shared directions: 4999 pair means; top-8 var share [0.096, 0.023, 0.018, 0.017, 0.017, 0.016, 0.015, 0.015]
 variant   k    acc r1 r2 r3 r4 r5   r5loss  medcos
    base   0 0.9150 0.988 0.957 0.879 0.777 0.658  1.236  -0.249
  shared   1 0.8981 0.992 0.953 0.862 0.712 0.559  1.637  +nan
  shared   2 0.8923 0.990 0.958 0.872 0.688 0.498  1.910  +nan
  shared   4 0.8853 0.991 0.959 0.857 0.660 0.469  2.007  +nan
  shared   8 0.8747 0.991 0.951 0.842 0.629 0.429  2.173  +nan
  shared  16 0.8503 0.993 0.938 0.782 0.550 0.367  2.433  -0.249
  shared  32 0.7941 0.986 0.890 0.669 0.415 0.232  2.989  +nan
 generic   1 0.8966 0.990 0.959 0.867 0.692 0.553  1.682  +nan
 generic   2 0.8943 0.990 0.955 0.862 0.689 0.547  1.691  +nan
 generic   4 0.8917 0.989 0.953 0.869 0.678 0.528  1.743  +nan
 generic   8 0.8817 0.989 0.951 0.843 0.652 0.494  1.882  +nan
 generic  16 0.8589 0.989 0.940 0.796 0.589 0.414  2.157  +nan
 generic  32 0.8129 0.989 0.894 0.703 0.470 0.301  2.650  +nan
  random   1 0.9147 0.988 0.957 0.878 0.776 0.658  1.236  +nan
  random   2 0.9149 0.988 0.957 0.879 0.776 0.661  1.235  +nan
  random   4 0.9148 0.988 0.957 0.879 0.776 0.660  1.236  +nan
  random   8 0.9145 0.988 0.955 0.878 0.775 0.663  1.236  +nan
  random  16 0.9151 0.988 0.956 0.879 0.779 0.661  1.238  +nan
  random  32 0.9137 0.987 0.954 0.879 0.772 0.661  1.237  +nan
