== ablate g=0.0 l=0.0 s=1: train=86400 test=9600
shared directions: 5000 pair means; top-8 var share [0.184, 0.04, 0.025, 0.024, 0.022, 0.02, 0.019, 0.018]
 variant   k    acc r1 r2 r3 r4 r5   r5loss  medcos
    base   0 0.9097 0.989 0.949 0.882 0.732 0.643  1.310  -0.249
  shared   1 0.9052 0.991 0.946 0.873 0.710 0.634  1.349  +nan
  shared   2 0.9028 0.989 0.960 0.888 0.690 0.571  1.503  +nan
  shared   4 0.8949 0.989 0.957 0.875 0.669 0.531  1.607  +nan
  shared   8 0.8847 0.991 0.952 0.861 0.638 0.476  1.803  +nan
  shared  16 0.8551 0.987 0.930 0.804 0.563 0.389  2.036  -0.249
  shared  32 0.7974 0.984 0.883 0.685 0.395 0.257  2.580  +nan
 generic   1 0.9068 0.982 0.959 0.893 0.716 0.619  1.365  +nan
 generic   2 0.9030 0.982 0.959 0.883 0.709 0.601  1.385  +nan
 generic   4 0.8977 0.981 0.954 0.877 0.701 0.572  1.467  +nan
 generic   8 0.8923 0.981 0.946 0.876 0.687 0.547  1.478  +nan
 generic  16 0.8730 0.977 0.924 0.839 0.645 0.515  1.647  +nan
 generic  32 0.8146 0.962 0.884 0.737 0.501 0.358  2.112  +nan
  random   1 0.9100 0.989 0.949 0.883 0.731 0.645  1.311  +nan
  random   2 0.9096 0.989 0.949 0.883 0.729 0.645  1.311  +nan
  random   4 0.9097 0.989 0.949 0.883 0.730 0.643  1.311  +nan
  random   8 0.9092 0.989 0.949 0.880 0.729 0.643  1.310  +nan
  random  16 0.9091 0.989 0.950 0.881 0.730 0.638  1.308  +nan
  random  32 0.9086 0.989 0.951 0.877 0.729 0.639  1.309  +nan
