== d=64 gamma=3.0 lam=0.0 seed=0 V=430 train=17280 test=1920
  step     0  loss 6.0648
  step   500  loss 0.7866
  step  1000  loss 0.3469
  step  1500  loss 0.3695
  step  2000  loss 0.3634
  step  2499  loss 0.4059
cont acc 0.882  (43s)
per-rank behavior: {'r1': 'acc=0.950 loss=0.224 n=994', 'r2': 'acc=0.829 loss=0.491 n=427', 'r3': 'acc=0.794 loss=0.610 n=291', 'r4': 'acc=0.788 loss=0.607 n=208'}
[     emb] median cos +1.000  (null +1.000, n=72) -> COLLAPSED
    +0.9..+1.0 ##################################################
[attn_raw] median cos -0.206  (null +0.889, n=72) -> SIMPLEX
    -1.0..-0.9 ##################################################
    -0.9..-0.8 ##############################
    -0.8..-0.7 ###########
    -0.5..-0.4 ###
    -0.4..-0.3 ###########
    -0.3..-0.2 ##############################
    -0.2..-0.1 ##################################
    -0.1..+0.0 #######################
    +0.0..+0.1 ##################################
    +0.1..+0.2 ###########
    +0.2..+0.3 #######################
    +0.3..+0.4 #######
    +0.4..+0.5 ###
[   resid] median cos -0.212  (null +0.845, n=72) -> SIMPLEX
    -1.0..-0.9 ##################################################
    -0.9..-0.8 #####################
    -0.8..-0.7 ##########
    -0.7..-0.6 ###
    -0.4..-0.3 #################
    -0.3..-0.2 ################################
    -0.2..-0.1 #########################
    -0.1..+0.0 ################################
    +0.0..+0.1 #########################
    +0.1..+0.2 #######
    +0.2..+0.3 #################
    +0.3..+0.4 ###
    +0.4..+0.5 ##########
weighted cross-word interference (resid): 0.3305  (pair mass covered 1.00)
same-word rank-pair mean cos: {'r1-r2': -0.221, 'r1-r3': -0.1, 'r1-r4': -0.908, 'r2-r3': -0.884, 'r2-r4': 0.115, 'r3-r4': 0.052}
split-half reliability by rank: {'r1': 0.986, 'r2': 0.964, 'r3': 0.963, 'r4': 0.954}
