== d=64 gamma=0.0 lam=0.0 seed=0 V=430 train=17280 test=1920
  step     0  loss 6.0648
  step   500  loss 0.4338
  step  1000  loss 0.1366
  step  1500  loss 0.0820
  step  2000  loss 0.1389
  step  2499  loss 0.1358
cont acc 0.910  (44s)
per-rank behavior: {'r1': 'acc=0.932 loss=0.188 n=994', 'r2': 'acc=0.871 loss=0.389 n=427', 'r3': 'acc=0.897 loss=0.236 n=291', 'r4': 'acc=0.909 loss=0.364 n=208'}
[     emb] median cos +1.000  (null +1.000, n=72) -> COLLAPSED
    +0.9..+1.0 ##################################################
[attn_raw] median cos -0.291  (null +0.890, n=72) -> SIMPLEX
    -0.7..-0.6 ######
    -0.6..-0.5 ####################
    -0.5..-0.4 ######################
    -0.4..-0.3 ######################
    -0.3..-0.2 ##################################################
    -0.2..-0.1 ####################
    -0.1..+0.0 ##
    +0.0..+0.1 ####
[   resid] median cos -0.341  (null +0.867, n=72) -> SIMPLEX
    -0.8..-0.7 ##
    -0.7..-0.6 ##
    -0.6..-0.5 ################
    -0.5..-0.4 ##################################################
    -0.4..-0.3 ######################################
    -0.3..-0.2 ######################################
    -0.2..-0.1 #################################
    -0.1..+0.0 ################
weighted cross-word interference (resid): 0.3183  (pair mass covered 1.00)
same-word rank-pair mean cos: {'r1-r2': -0.388, 'r1-r3': -0.291, 'r1-r4': -0.301, 'r2-r3': -0.28, 'r2-r4': -0.35, 'r3-r4': -0.348}
split-half reliability by rank: {'r1': 0.997, 'r2': 0.985, 'r3': 0.971, 'r4': 0.986}
