== d=64 gamma=3.0 lam=0.0 seed=3 V=430 train=17280 test=1920
  step     0  loss 6.0631
  step   500  loss 0.7524
  step  1000  loss 0.4251
  step  1500  loss 0.3132
  step  2000  loss 0.2819
  step  2499  loss 0.2841
cont acc 0.903  (42s)
per-rank behavior: {'r1': 'acc=0.940 loss=0.216 n=966', 'r2': 'acc=0.924 loss=0.318 n=447', 'r3': 'acc=0.806 loss=0.504 n=268', 'r4': 'acc=0.820 loss=0.532 n=239'}
[     emb] median cos +1.000  (null +1.000, n=72) -> COLLAPSED
    +0.9..+1.0 ##################################################
[attn_raw] median cos -0.219  (null +0.854, n=72) -> SIMPLEX
    -1.0..-0.9 ##########################
    -0.9..-0.8 ###########
    -0.8..-0.7 ###################
    -0.7..-0.6 ###############
    -0.6..-0.5 ###################
    -0.5..-0.4 ###########
    -0.4..-0.3 #######################
    -0.3..-0.2 ###########
    -0.2..-0.1 ##################################################
    -0.1..+0.0 ##############################
    +0.0..+0.1 ###################
    +0.1..+0.2 ###############
    +0.2..+0.3 #######
    +0.3..+0.4 #######
    +0.4..+0.5 #######
[   resid] median cos -0.275  (null +0.891, n=72) -> SIMPLEX
    -1.0..-0.9 ###############################
    -0.9..-0.8 #########
    -0.8..-0.7 #############
    -0.7..-0.6 ####################################
    -0.6..-0.5 ##################
    -0.5..-0.4 ##################
    -0.4..-0.3 ###########################
    -0.3..-0.2 ###############################
    -0.2..-0.1 ######################
    -0.1..+0.0 ##################################################
    +0.0..+0.1 ######################
    +0.1..+0.2 ####################################
    +0.2..+0.3 ####
    +0.4..+0.5 ####
weighted cross-word interference (resid): 0.4163  (pair mass covered 1.00)
same-word rank-pair mean cos: {'r1-r2': -0.153, 'r1-r3': -0.705, 'r1-r4': -0.368, 'r2-r3': -0.24, 'r2-r4': -0.585, 'r3-r4': 0.128}
split-half reliability by rank: {'r1': 0.995, 'r2': 0.986, 'r3': 0.944, 'r4': 0.98}
