== d=64 gamma=0.0 lam=1.0 seed=0 V=430 train=17280 test=1920
  step     0  loss 6.0826
  step   500  loss 0.2066
  step  1000  loss 0.1239
  step  1500  loss 0.0877
  step  2000  loss 0.1115
  step  2499  loss 0.1177
cont acc 0.913  (48s)
per-rank behavior: {'r1': 'acc=0.918 loss=0.249 n=994', 'r2': 'acc=0.904 loss=0.392 n=427', 'r3': 'acc=0.887 loss=0.366 n=291', 'r4': 'acc=0.947 loss=0.159 n=208'}
[     emb] median cos +1.000  (null +1.000, n=72) -> COLLAPSED
    +0.9..+1.0 ##################################################
[attn_raw] median cos -0.331  (null +0.806, n=72) -> SIMPLEX
    -0.7..-0.6 ##
    -0.6..-0.5 #################
    -0.5..-0.4 ##########################
    -0.4..-0.3 ##################################################
    -0.3..-0.2 ##################################
    -0.2..-0.1 ###############
    -0.1..+0.0 ########
    +0.0..+0.1 ##
[   resid] median cos -0.329  (null +0.736, n=72) -> SIMPLEX
    -0.7..-0.6 ####
    -0.6..-0.5 ########
    -0.5..-0.4 #############################
    -0.4..-0.3 ##################################################
    -0.3..-0.2 ###############################
    -0.2..-0.1 ######################
    +0.0..+0.1 ####
weighted cross-word interference (resid): 0.2329  (pair mass covered 1.00)
same-word rank-pair mean cos: {'r1-r2': -0.305, 'r1-r3': -0.272, 'r1-r4': -0.265, 'r2-r3': -0.306, 'r2-r4': -0.355, 'r3-r4': -0.46}
split-half reliability by rank: {'r1': 0.976, 'r2': 0.964, 'r3': 0.962, 'r4': 0.952}
