== d=64 gamma=2.0 lam=0.0 seed=1 V=430 train=17280 test=1920
  step     0  loss 6.0632
  step   500  loss 0.6647
  step  1000  loss 0.2571
  step  1500  loss 0.2071
  step  2000  loss 0.2810
  step  2499  loss 0.2099
cont acc 0.889  (44s)
per-rank behavior: {'r1': 'acc=0.876 loss=0.276 n=938', 'r2': 'acc=0.896 loss=0.301 n=479', 'r3': 'acc=0.902 loss=0.300 n=305', 'r4': 'acc=0.909 loss=0.323 n=198'}
[     emb] median cos +1.000  (null +1.000, n=72) -> COLLAPSED
    +0.9..+1.0 ##################################################
[attn_raw] median cos -0.322  (null +0.866, n=72) -> SIMPLEX
    -1.0..-0.9 ############################################
    -0.9..-0.8 ###########################
    -0.8..-0.7 #####
    -0.7..-0.6 #####
    -0.6..-0.5 ##################################################
    -0.5..-0.4 #################################
    -0.4..-0.3 ######################################
    -0.3..-0.2 ###########################
    -0.2..-0.1 ############################################
    -0.1..+0.0 ######################################
    +0.0..+0.1 ######################################
    +0.1..+0.2 ###########
    +0.2..+0.3 #####
    +0.3..+0.4 ###########################
[   resid] median cos -0.225  (null +0.870, n=72) -> SIMPLEX
    -1.0..-0.9 #############################################
    -0.9..-0.8 ################
    -0.8..-0.7 ####
    -0.7..-0.6 ########
    -0.6..-0.5 ############
    -0.5..-0.4 ########
    -0.4..-0.3 #############################
    -0.3..-0.2 #########################################
    -0.2..-0.1 ##################################################
    -0.1..+0.0 ############
    +0.0..+0.1 #####################################
    +0.1..+0.2 #########################
    +0.2..+0.3 ####
    +0.4..+0.5 ####
weighted cross-word interference (resid): 0.3748  (pair mass covered 1.00)
same-word rank-pair mean cos: {'r1-r2': -0.164, 'r1-r3': -0.419, 'r1-r4': -0.47, 'r2-r3': -0.376, 'r2-r4': -0.434, 'r3-r4': -0.077}
split-half reliability by rank: {'r1': 0.99, 'r2': 0.984, 'r3': 0.977, 'r4': 0.97}
