== d=64 gamma=0.0 lam=0.0 seed=4 V=430 train=17280 test=1920
  step     0  loss 6.0629
  step   500  loss 0.5769
  step  1000  loss 0.1996
  step  1500  loss 0.0764
  step  2000  loss 0.0677
  step  2499  loss 0.1249
cont acc 0.911  (44s)
per-rank behavior: {'r1': 'acc=0.920 loss=0.250 n=929', 'r2': 'acc=0.918 loss=0.271 n=437', 'r3': 'acc=0.889 loss=0.303 n=314', 'r4': 'acc=0.892 loss=0.437 n=240'}
[     emb] median cos +1.000  (null +1.000, n=72) -> COLLAPSED
    +0.9..+1.0 ##################################################
[attn_raw] median cos -0.279  (null +0.887, n=72) -> SIMPLEX
    -0.9..-0.8 ####################
    -0.8..-0.7 ###########
    -0.7..-0.6 ###########
    -0.6..-0.5 #####
    -0.5..-0.4 #################
    -0.4..-0.3 ################################
    -0.3..-0.2 #############################
    -0.2..-0.1 ##################################################
    -0.1..+0.0 #################
    +0.0..+0.1 #####
    +0.1..+0.2 ########
[   resid] median cos -0.324  (null +0.887, n=72) -> SIMPLEX
    -0.9..-0.8 ###
    -0.8..-0.7 ###############
    -0.7..-0.6 ##########################
    -0.6..-0.5 #######################
    -0.5..-0.4 ##############################
    -0.4..-0.3 ##############################################
    -0.3..-0.2 ##########################################
    -0.2..-0.1 ##################################################
    -0.1..+0.0 ###############
    +0.0..+0.1 #######
    +0.1..+0.2 ###############
weighted cross-word interference (resid): 0.3353  (pair mass covered 1.00)
same-word rank-pair mean cos: {'r1-r2': -0.26, 'r1-r3': -0.283, 'r1-r4': -0.503, 'r2-r3': -0.563, 'r2-r4': -0.229, 'r3-r4': -0.127}
split-half reliability by rank: {'r1': 0.995, 'r2': 0.992, 'r3': 0.934, 'r4': 0.985}
