== d=64 gamma=0.0 lam=3.0 seed=4 V=430 train=17280 test=1920
  step     0  loss 6.1086
  step   500  loss 0.2181
  step  1000  loss 0.1686
  step  1500  loss 0.0764
  step  2000  loss 0.0649
  step  2499  loss 0.0867
cont acc 0.918  (47s)
per-rank behavior: {'r1': 'acc=0.926 loss=0.252 n=929', 'r2': 'acc=0.906 loss=0.227 n=437', 'r3': 'acc=0.920 loss=0.417 n=314', 'r4': 'acc=0.904 loss=0.357 n=240'}
[     emb] median cos +1.000  (null +1.000, n=72) -> COLLAPSED
    +0.9..+1.0 ##################################################
[attn_raw] median cos -0.356  (null +0.791, n=72) -> SIMPLEX
    -0.7..-0.6 ##
    -0.6..-0.5 #########################
    -0.5..-0.4 #####################################
    -0.4..-0.3 ##################################################
    -0.3..-0.2 ###################################
    -0.2..-0.1 #######
    -0.1..+0.0 ############
    +0.0..+0.1 ##
    +0.1..+0.2 #######
[   resid] median cos -0.340  (null +0.727, n=72) -> SIMPLEX
    -0.6..-0.5 ###########################
    -0.5..-0.4 ######################################
    -0.4..-0.3 ##################################################
    -0.3..-0.2 #########################################
    -0.2..-0.1 #################################
    -0.1..+0.0 ##
    +0.0..+0.1 #####
weighted cross-word interference (resid): 0.1853  (pair mass covered 1.00)
same-word rank-pair mean cos: {'r1-r2': -0.25, 'r1-r3': -0.237, 'r1-r4': -0.333, 'r2-r3': -0.383, 'r2-r4': -0.387, 'r3-r4': -0.368}
split-half reliability by rank: {'r1': 0.967, 'r2': 0.967, 'r3': 0.939, 'r4': 0.945}
