== d=64 gamma=0.0 lam=3.0 seed=0 V=430 train=17280 test=1920
  step     0  loss 6.1182
  step   500  loss 0.2155
  step  1000  loss 0.1112
  step  1500  loss 0.0942
  step  2000  loss 0.1246
  step  2499  loss 0.1164
cont acc 0.918  (49s)
per-rank behavior: {'r1': 'acc=0.923 loss=0.269 n=994', 'r2': 'acc=0.909 loss=0.308 n=427', 'r3': 'acc=0.900 loss=0.446 n=291', 'r4': 'acc=0.942 loss=0.185 n=208'}
[     emb] median cos +1.000  (null +1.000, n=72) -> COLLAPSED
    +0.9..+1.0 ##################################################
[attn_raw] median cos -0.340  (null +0.812, n=72) -> SIMPLEX
    -0.7..-0.6 #######
    -0.6..-0.5 #################
    -0.5..-0.4 ###########################
    -0.4..-0.3 ##################################################
    -0.3..-0.2 #############################################
    -0.2..-0.1 ##########
    -0.1..+0.0 ####################
    +0.0..+0.1 ##
[   resid] median cos -0.333  (null +0.732, n=72) -> SIMPLEX
    -0.7..-0.6 ##
    -0.6..-0.5 #####################
    -0.5..-0.4 ##################################################
    -0.4..-0.3 ##################################
    -0.3..-0.2 #######################################
    -0.2..-0.1 ###############################
    -0.1..+0.0 #####
    +0.0..+0.1 ##
    +0.1..+0.2 ##
weighted cross-word interference (resid): 0.1740  (pair mass covered 1.00)
same-word rank-pair mean cos: {'r1-r2': -0.249, 'r1-r3': -0.325, 'r1-r4': -0.341, 'r2-r3': -0.261, 'r2-r4': -0.394, 'r3-r4': -0.384}
split-half reliability by rank: {'r1': 0.958, 'r2': 0.941, 'r3': 0.945, 'r4': 0.958}
