== d=64 gamma=0.0 lam=3.0 seed=1 V=430 train=17280 test=1920
  step     0  loss 6.1056
  step   500  loss 0.2124
  step  1000  loss 0.1290
  step  1500  loss 0.1233
  step  2000  loss 0.1020
  step  2499  loss 0.0695
cont acc 0.897  (48s)
per-rank behavior: {'r1': 'acc=0.894 loss=0.418 n=938', 'r2': 'acc=0.894 loss=0.380 n=479', 'r3': 'acc=0.905 loss=0.312 n=305', 'r4': 'acc=0.904 loss=0.384 n=198'}
[     emb] median cos +1.000  (null +1.000, n=72) -> COLLAPSED
    +0.9..+1.0 ##################################################
[attn_raw] median cos -0.356  (null +0.841, n=72) -> SIMPLEX
    -0.7..-0.6 #####
    -0.6..-0.5 ####################
    -0.5..-0.4 #####################################
    -0.4..-0.3 ##################################################
    -0.3..-0.2 ##############################
    -0.2..-0.1 ####################
    -0.1..+0.0 ############
    +0.0..+0.1 #####
[   resid] median cos -0.342  (null +0.771, n=72) -> SIMPLEX
    -0.7..-0.6 ##
    -0.6..-0.5 #####################
    -0.5..-0.4 ##########################################
    -0.4..-0.3 ##########################################
    -0.3..-0.2 ##################################################
    -0.2..-0.1 ##################
    -0.1..+0.0 #######
    +0.0..+0.1 ##
    +0.1..+0.2 ##
weighted cross-word interference (resid): 0.1952  (pair mass covered 1.00)
same-word rank-pair mean cos: {'r1-r2': -0.269, 'r1-r3': -0.327, 'r1-r4': -0.386, 'r2-r3': -0.288, 'r2-r4': -0.404, 'r3-r4': -0.298}
split-half reliability by rank: {'r1': 0.975, 'r2': 0.942, 'r3': 0.966, 'r4': 0.912}
