preflight [NVIDIA GeForce RTX 5060 Laptop GPU]: 8.0GB VRAM free (need 6.8)
== BIG d=128 gamma=0.0 lam=0.0 seed=1 V=14082 train=86400 test=9600 device=cuda prec=bf16 pen=coact
  step     0  loss 9.5625
  step   500  loss 3.6647
  step  1000  loss 1.0774
  step  1500  loss 0.5021
  step  2000  loss 0.2220
  step  2500  loss 0.1764
  step  3000  loss 0.1272
  step  3500  loss 0.0449
  step  4000  loss 0.0337
  step  4500  loss 0.0595
  step  5000  loss 0.0215
  step  5500  loss 0.0599
  step  5999  loss 0.0407
train 56s  saved results/big_g0.0_l0.0_s1_bf16_d128_lr0.001.ckpt
held-out cont acc 0.918
per-rank (held-out): {'r1': 'acc=0.967 loss=0.139 n=4219', 'r2': 'acc=0.938 loss=0.253 n=2211', 'r3': 'acc=0.893 loss=0.484 n=1379', 'r4': 'acc=0.830 loss=0.751 n=1045', 'r5': 'acc=0.760 loss=1.155 n=746'}
capture 2s  (96000 vectors)
[resid] same-word median cos -0.249 (n=20000 pairs, k=5 simplex=-0.25) -> SIMPLEX
rank-pair mean cos: {'r1-r2': -0.408, 'r1-r3': -0.244, 'r1-r4': -0.152, 'r1-r5': -0.173, 'r2-r3': -0.28, 'r2-r4': -0.246, 'r2-r5': -0.211, 'r3-r4': -0.282, 'r3-r5': -0.22, 'r4-r5': -0.223}
split-half reliability: {'r1': 0.973, 'r2': 0.956, 'r3': 0.921, 'r4': 0.874, 'r5': 0.835}
weighted cross-word interference: 0.1005 (pair mass covered 1.00)
packing: 10000 senses, 49975000 cross-word pairs
  angular deviation from 90° — SGD:    {'p50.0': 12.916, 'p89.9': 30.224, 'p99.0': 45.082, 'p99.9': 70.751} max 83.74°
  angular deviation from 90° — random: {'p50.0': 3.434, 'p89.9': 8.364, 'p99.0': 13.065, 'p99.9': 16.643} max 29.75°
  eps-grid  viol(SGD)  viol(random)   [fraction of pairs beyond 90°±eps]
    ± 4.00°   0.8359     0.4321
    ± 4.56°   0.8133     0.3705
    ± 5.20°   0.7878     0.3072
    ± 5.92°   0.7588     0.2444
    ± 6.75°   0.7262     0.1845
    ± 7.70°   0.6896     0.1302
    ± 8.77°   0.6486     0.0844
    ±10.00°   0.6030     0.0490
saved results/big_g0.0_l0.0_s1_bf16_d128_lr0.001.pt
