preflight [NVIDIA GeForce RTX 5060 Laptop GPU]: 8.0GB VRAM free (need 6.8)
== BIG d=4096 gamma=0.0 lam=0.0 seed=2 V=14078 train=86400 test=9600 device=cuda prec=bf16 pen=coact
  step     0  loss 9.5640
  step   500  loss 1.0048
  step  1000  loss 0.1217
  step  1500  loss 0.0123
  step  2000  loss 0.0134
  step  2500  loss 0.0178
  step  3000  loss 0.0272
  step  3500  loss 0.0178
  step  4000  loss 0.0377
  step  4500  loss 0.0583
  step  5000  loss 0.0400
  step  5500  loss 0.0020
  step  5999  loss 0.0035
train 925s  saved results/big_g0.0_l0.0_s2_bf16_group499.ckpt
held-out cont acc 0.915
per-rank (held-out): {'r1': 'acc=0.988 loss=0.049 n=4161', 'r2': 'acc=0.950 loss=0.177 n=2230', 'r3': 'acc=0.882 loss=0.417 n=1408', 'r4': 'acc=0.780 loss=0.763 n=954', 'r5': 'acc=0.671 loss=1.182 n=847'}
capture 33s  (96000 vectors)
[resid] same-word median cos -0.250 (n=20000 pairs, k=5 simplex=-0.25) -> SIMPLEX
rank-pair mean cos: {'r1-r2': -0.267, 'r1-r3': -0.223, 'r1-r4': -0.225, 'r1-r5': -0.211, 'r2-r3': -0.248, 'r2-r4': -0.222, 'r2-r5': -0.237, 'r3-r4': -0.269, 'r3-r5': -0.261, 'r4-r5': -0.312}
split-half reliability: {'r1': 0.864, 'r2': 0.769, 'r3': 0.674, 'r4': 0.59, 'r5': 0.515}
weighted cross-word interference: 0.0174 (pair mass covered 1.00)
packing: 10000 senses, 49975000 cross-word pairs
  angular deviation from 90° — SGD:    {'p50.0': 4.774, 'p89.9': 11.657, 'p99.0': 18.677, 'p99.9': 49.673} max 71.62°
  angular deviation from 90° — random: {'p50.0': 0.604, 'p89.9': 1.473, 'p99.0': 2.306, 'p99.9': 2.946} max 4.87°
  eps-grid  viol(SGD)  viol(random)   [fraction of pairs beyond 90°±eps]
    ± 4.00°   0.5720     0.0000
    ± 4.56°   0.5195     0.0000
    ± 5.20°   0.4629     0.0000
    ± 5.92°   0.4027     0.0000
    ± 6.75°   0.3401     0.0000
    ± 7.70°   0.2769     0.0000
    ± 8.77°   0.2153     0.0000
    ±10.00°   0.1579     0.0000
saved results/big_g0.0_l0.0_s2_bf16_group499.pt
