preflight [NVIDIA GeForce RTX 5060 Laptop GPU]: 8.0GB VRAM free (need 6.8)
== BIG d=128 gamma=0.0 lam=0.0 seed=1 V=14082 train=86400 test=9600 device=cuda prec=bf16 pen=coact
  step     0  loss 9.5625
  step   500  loss 8.8173
  step  1000  loss 8.7366
  step  1500  loss 8.6685
  step  2000  loss 8.6943
  step  2500  loss 8.6549
  step  3000  loss 8.4490
  step  3500  loss 8.2802
  step  4000  loss 7.9164
  step  4500  loss 7.8276
  step  5000  loss 7.5969
  step  5500  loss 7.6000
  step  5999  loss 7.4504
train 55s  saved results/big_g0.0_l0.0_s1_bf16_d128.ckpt
held-out cont acc 0.003
per-rank (held-out): {'r1': 'acc=0.006 loss=6.757 n=4219', 'r2': 'acc=0.000 loss=7.973 n=2211', 'r3': 'acc=0.001 loss=9.144 n=1379', 'r4': 'acc=0.000 loss=9.407 n=1045', 'r5': 'acc=0.000 loss=9.700 n=746'}
capture 2s  (96000 vectors)
[resid] same-word median cos -0.673 (n=20000 pairs, k=5 simplex=-0.25) -> SIMPLEX
rank-pair mean cos: {'r1-r2': 0.786, 'r1-r3': -0.628, 'r1-r4': -0.863, 'r1-r5': -0.877, 'r2-r3': -0.536, 'r2-r4': -0.785, 'r2-r5': -0.809, 'r3-r4': 0.497, 'r3-r5': 0.507, 'r4-r5': 0.749}
split-half reliability: {'r1': 0.942, 'r2': 0.7, 'r3': 0.427, 'r4': 0.655, 'r5': 0.685}
weighted cross-word interference: 0.5294 (pair mass covered 1.00)
packing: 10000 senses, 49975000 cross-word pairs
  angular deviation from 90° — SGD:    {'p50.0': 47.467, 'p89.9': 80.058, 'p99.0': 87.235, 'p99.9': 88.901} max 89.96°
  angular deviation from 90° — random: {'p50.0': 3.434, 'p89.9': 8.364, 'p99.0': 13.065, 'p99.9': 16.643} max 29.75°
  eps-grid  viol(SGD)  viol(random)   [fraction of pairs beyond 90°±eps]
    ± 4.00°   0.9585     0.4321
    ± 4.56°   0.9527     0.3705
    ± 5.20°   0.9460     0.3072
    ± 5.92°   0.9385     0.2444
    ± 6.75°   0.9300     0.1845
    ± 7.70°   0.9202     0.1302
    ± 8.77°   0.9091     0.0844
    ±10.00°   0.8964     0.0490
saved results/big_g0.0_l0.0_s1_bf16_d128.pt
