preflight [NVIDIA GeForce RTX 5060 Laptop GPU]: 8.0GB VRAM free (need 6.8)
== BIG d=128 gamma=0.0 lam=0.0 seed=0 V=14082 train=86400 test=9600 device=cuda prec=bf16 pen=coact
  step     0  loss 9.5625
  step   500  loss 3.8311
  step  1000  loss 1.2481
  step  1500  loss 0.4887
  step  2000  loss 0.2043
  step  2500  loss 0.1440
  step  3000  loss 0.0280
  step  3500  loss 0.0953
  step  4000  loss 0.0356
  step  4500  loss 0.0479
  step  5000  loss 0.0295
  step  5500  loss 0.0614
  step  5999  loss 0.0402
train 57s  saved results/big_g0.0_l0.0_s0_bf16_d128_lr0.001.ckpt
held-out cont acc 0.924
per-rank (held-out): {'r1': 'acc=0.959 loss=0.157 n=4189', 'r2': 'acc=0.940 loss=0.262 n=2193', 'r3': 'acc=0.910 loss=0.425 n=1401', 'r4': 'acc=0.861 loss=0.616 n=1003', 'r5': 'acc=0.795 loss=1.143 n=814'}
capture 2s  (96000 vectors)
[resid] same-word median cos -0.248 (n=20000 pairs, k=5 simplex=-0.25) -> SIMPLEX
rank-pair mean cos: {'r1-r2': -0.423, 'r1-r3': -0.226, 'r1-r4': -0.142, 'r1-r5': -0.141, 'r2-r3': -0.265, 'r2-r4': -0.221, 'r2-r5': -0.206, 'r3-r4': -0.312, 'r3-r5': -0.248, 'r4-r5': -0.262}
split-half reliability: {'r1': 0.976, 'r2': 0.962, 'r3': 0.931, 'r4': 0.886, 'r5': 0.847}
weighted cross-word interference: 0.1085 (pair mass covered 1.00)
packing: 10000 senses, 49975000 cross-word pairs
  angular deviation from 90° — SGD:    {'p50.0': 13.318, 'p89.9': 31.325, 'p99.0': 46.998, 'p99.9': 72.576} max 84.27°
  angular deviation from 90° — random: {'p50.0': 3.436, 'p89.9': 8.364, 'p99.0': 13.066, 'p99.9': 16.644} max 27.79°
  eps-grid  viol(SGD)  viol(random)   [fraction of pairs beyond 90°±eps]
    ± 4.00°   0.8410     0.4323
    ± 4.56°   0.8190     0.3706
    ± 5.20°   0.7942     0.3074
    ± 5.92°   0.7661     0.2445
    ± 6.75°   0.7343     0.1846
    ± 7.70°   0.6986     0.1303
    ± 8.77°   0.6586     0.0844
    ±10.00°   0.6141     0.0491
saved results/big_g0.0_l0.0_s0_bf16_d128_lr0.001.pt
