preflight [NVIDIA GeForce RTX 5060 Laptop GPU]: 8.0GB VRAM free (need 6.8)
== BIG d=64 gamma=0.0 lam=0.0 seed=1 V=14082 train=86400 test=9600 device=cuda prec=bf16 pen=coact
  step     0  loss 9.5625
  step   500  loss 8.9529
  step  1000  loss 8.7678
  step  1500  loss 8.6909
  step  2000  loss 8.7258
  step  2500  loss 8.7791
  step  3000  loss 8.6790
  step  3500  loss 8.6935
  step  4000  loss 8.6548
  step  4500  loss 8.6478
  step  5000  loss 8.5267
  step  5500  loss 8.4979
  step  5999  loss 8.4146
train 57s  saved results/big_g0.0_l0.0_s1_bf16_d64.ckpt
held-out cont acc 0.001
per-rank (held-out): {'r1': 'acc=0.002 loss=7.816 n=4219', 'r2': 'acc=0.000 loss=8.898 n=2211', 'r3': 'acc=0.000 loss=9.523 n=1379', 'r4': 'acc=0.000 loss=9.808 n=1045', 'r5': 'acc=0.000 loss=10.342 n=746'}
capture 2s  (96000 vectors)
[resid] same-word median cos -0.710 (n=20000 pairs, k=5 simplex=-0.25) -> SIMPLEX
rank-pair mean cos: {'r1-r2': 0.708, 'r1-r3': -0.724, 'r1-r4': -0.932, 'r1-r5': -0.925, 'r2-r3': -0.496, 'r2-r4': -0.693, 'r2-r5': -0.679, 'r3-r4': 0.644, 'r3-r5': 0.63, 'r4-r5': 0.845}
split-half reliability: {'r1': 0.984, 'r2': 0.596, 'r3': 0.543, 'r4': 0.715, 'r5': 0.685}
weighted cross-word interference: 0.7791 (pair mass covered 1.00)
packing: 10000 senses, 49975000 cross-word pairs
  angular deviation from 90° — SGD:    {'p50.0': 69.13, 'p89.9': 83.97, 'p99.0': 88.309, 'p99.9': 89.408} max 89.97°
  angular deviation from 90° — random: {'p50.0': 4.885, 'p89.9': 11.88, 'p99.0': 18.504, 'p99.9': 23.502} max 38.93°
  eps-grid  viol(SGD)  viol(random)   [fraction of pairs beyond 90°±eps]
    ± 4.00°   0.9882     0.5808
    ± 4.56°   0.9865     0.5291
    ± 5.20°   0.9846     0.4730
    ± 5.92°   0.9825     0.4133
    ± 6.75°   0.9800     0.3509
    ± 7.70°   0.9771     0.2874
    ± 8.77°   0.9739     0.2251
    ±10.00°   0.9701     0.1665
saved results/big_g0.0_l0.0_s1_bf16_d64.pt
