preflight [NVIDIA GeForce RTX 5060 Laptop GPU]: 8.0GB VRAM free (need 6.8)
== BIG d=4096 gamma=0.0 lam=0.0 seed=1 V=14078 train=86400 test=9600 device=cuda prec=bf16 pen=coact
  step     0  loss 9.5574
  step   500  loss 0.9146
  step  1000  loss 0.0736
  step  1500  loss 0.0116
  step  2000  loss 0.0217
  step  2500  loss 0.0207
  step  3000  loss 0.0058
  step  3500  loss 0.0403
  step  4000  loss 0.0872
  step  4500  loss 0.0402
  step  5000  loss 0.0232
  step  5500  loss 0.0080
  step  5999  loss 0.0337
train 925s  saved results/big_g0.0_l0.0_s1_bf16_group499.ckpt
held-out cont acc 0.915
per-rank (held-out): {'r1': 'acc=0.983 loss=0.083 n=4219', 'r2': 'acc=0.937 loss=0.210 n=2211', 'r3': 'acc=0.879 loss=0.388 n=1379', 'r4': 'acc=0.791 loss=0.724 n=1045', 'r5': 'acc=0.704 loss=1.037 n=746'}
capture 33s  (96000 vectors)
[resid] same-word median cos -0.250 (n=20000 pairs, k=5 simplex=-0.25) -> SIMPLEX
rank-pair mean cos: {'r1-r2': -0.263, 'r1-r3': -0.226, 'r1-r4': -0.22, 'r1-r5': -0.221, 'r2-r3': -0.249, 'r2-r4': -0.228, 'r2-r5': -0.234, 'r3-r4': -0.264, 'r3-r5': -0.262, 'r4-r5': -0.308}
split-half reliability: {'r1': 0.865, 'r2': 0.771, 'r3': 0.672, 'r4': 0.582, 'r5': 0.522}
weighted cross-word interference: 0.0173 (pair mass covered 1.00)
packing: 10000 senses, 49975000 cross-word pairs
  angular deviation from 90° — SGD:    {'p50.0': 4.77, 'p89.9': 11.636, 'p99.0': 18.639, 'p99.9': 49.599} max 71.91°
  angular deviation from 90° — random: {'p50.0': 0.604, 'p89.9': 1.473, 'p99.0': 2.306, 'p99.9': 2.946} max 4.98°
  eps-grid  viol(SGD)  viol(random)   [fraction of pairs beyond 90°±eps]
    ± 4.00°   0.5717     0.0000
    ± 4.56°   0.5191     0.0000
    ± 5.20°   0.4624     0.0000
    ± 5.92°   0.4022     0.0000
    ± 6.75°   0.3396     0.0000
    ± 7.70°   0.2763     0.0000
    ± 8.77°   0.2146     0.0000
    ±10.00°   0.1573     0.0000
saved results/big_g0.0_l0.0_s1_bf16_group499.pt
