preflight [NVIDIA GeForce RTX 5060 Laptop GPU]: 7.8GB VRAM free (need 6.5)
== BIG d=4096 gamma=0.0 lam=0.0 seed=2 V=14082 train=86400 test=9600 device=cuda
  step     0  loss 9.5622
  step   500  loss 0.9232
  step  1000  loss 0.1588
  step  1500  loss 0.0117
  step  2000  loss 0.0041
  step  2500  loss 0.0030
  step  3000  loss 0.0140
  step  3500  loss 0.0739
  step  4000  loss 0.0274
  step  4500  loss 0.0550
  step  5000  loss 0.0031
  step  5500  loss 0.0355
  step  5999  loss 0.0226
train 2627s  saved results/big_g0.0_l0.0_s2.ckpt
held-out cont acc 0.901
per-rank (held-out): {'r1': 'acc=0.979 loss=0.073 n=4161', 'r2': 'acc=0.950 loss=0.175 n=2230', 'r3': 'acc=0.864 loss=0.454 n=1408', 'r4': 'acc=0.747 loss=0.945 n=954', 'r5': 'acc=0.625 loss=1.464 n=847'}
capture 47s  (96000 vectors)
[resid] same-word median cos -0.250 (n=20000 pairs, k=5 simplex=-0.25) -> SIMPLEX
rank-pair mean cos: {'r1-r2': -0.289, 'r1-r3': -0.257, 'r1-r4': -0.25, 'r1-r5': -0.256, 'r2-r3': -0.25, 'r2-r4': -0.236, 'r2-r5': -0.244, 'r3-r4': -0.238, 'r3-r5': -0.225, 'r4-r5': -0.226}
split-half reliability: {'r1': 0.888, 'r2': 0.786, 'r3': 0.67, 'r4': 0.568, 'r5': 0.489}
weighted cross-word interference: 0.0257 (pair mass covered 1.00)
packing: 10000 senses, 49975000 cross-word pairs
  angular deviation from 90° — SGD:    {'p50.0': 5.648, 'p89.9': 13.632, 'p99.0': 21.264, 'p99.9': 54.471} max 73.11°
  angular deviation from 90° — random: {'p50.0': 0.604, 'p89.9': 1.473, 'p99.0': 2.306, 'p99.9': 2.946} max 4.87°
  eps-grid  viol(SGD)  viol(random)   [fraction of pairs beyond 90°±eps]
    ± 4.00°   0.6332     0.0000
    ± 4.56°   0.5864     0.0000
    ± 5.20°   0.5349     0.0000
    ± 5.92°   0.4792     0.0000
    ± 6.75°   0.4196     0.0000
    ± 7.70°   0.3572     0.0000
    ± 8.77°   0.2934     0.0000
    ±10.00°   0.2303     0.0000
saved results/big_g0.0_l0.0_s2.pt
