preflight [NVIDIA GeForce RTX 5060 Laptop GPU]: 8.0GB VRAM free (need 6.8)
== BIG d=64 gamma=0.0 lam=0.0 seed=1 V=14082 train=86400 test=9600 device=cuda prec=bf16 pen=coact
  step     0  loss 9.5625
  step   500  loss 7.4315
  step  1000  loss 1.7804
  step  1500  loss 1.1585
  step  2000  loss 0.6953
  step  2500  loss 0.4952
  step  3000  loss 0.1472
  step  3500  loss 0.1428
  step  4000  loss 0.1021
  step  4500  loss 0.0690
  step  5000  loss 0.0476
  step  5500  loss 0.0737
  step  5999  loss 0.0584
train 54s  saved results/big_g0.0_l0.0_s1_bf16_d64_lr0.001.ckpt
held-out cont acc 0.876
per-rank (held-out): {'r1': 'acc=0.936 loss=0.294 n=4219', 'r2': 'acc=0.889 loss=0.435 n=2211', 'r3': 'acc=0.843 loss=0.755 n=1379', 'r4': 'acc=0.774 loss=1.077 n=1045', 'r5': 'acc=0.700 loss=1.602 n=746'}
capture 2s  (96000 vectors)
[resid] same-word median cos -0.246 (n=20000 pairs, k=5 simplex=-0.25) -> SIMPLEX
rank-pair mean cos: {'r1-r2': -0.455, 'r1-r3': -0.182, 'r1-r4': -0.115, 'r1-r5': -0.127, 'r2-r3': -0.318, 'r2-r4': -0.21, 'r2-r5': -0.193, 'r3-r4': -0.324, 'r3-r5': -0.253, 'r4-r5': -0.245}
split-half reliability: {'r1': 0.967, 'r2': 0.953, 'r3': 0.916, 'r4': 0.851, 'r5': 0.799}
weighted cross-word interference: 0.1375 (pair mass covered 1.00)
packing: 10000 senses, 49975000 cross-word pairs
  angular deviation from 90° — SGD:    {'p50.0': 15.588, 'p89.9': 36.157, 'p99.0': 52.995, 'p99.9': 69.972} max 86.09°
  angular deviation from 90° — random: {'p50.0': 4.885, 'p89.9': 11.88, 'p99.0': 18.504, 'p99.9': 23.502} max 38.93°
  eps-grid  viol(SGD)  viol(random)   [fraction of pairs beyond 90°±eps]
    ± 4.00°   0.8645     0.5808
    ± 4.56°   0.8457     0.5291
    ± 5.20°   0.8244     0.4730
    ± 5.92°   0.8002     0.4133
    ± 6.75°   0.7728     0.3509
    ± 7.70°   0.7418     0.2874
    ± 8.77°   0.7070     0.2251
    ±10.00°   0.6678     0.1665
saved results/big_g0.0_l0.0_s1_bf16_d64_lr0.001.pt
