preflight [NVIDIA GeForce RTX 5060 Laptop GPU]: 7.8GB VRAM free (need 6.5)
== BIG d=4096 gamma=0.0 lam=0.0 seed=0 V=14082 train=86400 test=9600 device=cuda
  step     0  loss 9.5549
  step   500  loss 0.9932
  step  1000  loss 0.0732
  step  1500  loss 0.0209
  step  2000  loss 0.0067
  step  2500  loss 0.0246
  step  3000  loss 0.0285
  step  3500  loss 0.0333
  step  4000  loss 0.0675
  step  4500  loss 0.0111
  step  5000  loss 0.0020
  step  5500  loss 0.0032
  step  5999  loss 0.0023
train 2631s  saved results/big_g0.0_l0.0_s0.ckpt
held-out cont acc 0.900
per-rank (held-out): {'r1': 'acc=0.983 loss=0.061 n=4189', 'r2': 'acc=0.940 loss=0.210 n=2193', 'r3': 'acc=0.859 loss=0.505 n=1401', 'r4': 'acc=0.756 loss=0.921 n=1003', 'r5': 'acc=0.617 loss=1.524 n=814'}
capture 47s  (96000 vectors)
[resid] same-word median cos -0.249 (n=20000 pairs, k=5 simplex=-0.25) -> SIMPLEX
rank-pair mean cos: {'r1-r2': -0.297, 'r1-r3': -0.259, 'r1-r4': -0.245, 'r1-r5': -0.239, 'r2-r3': -0.234, 'r2-r4': -0.245, 'r2-r5': -0.232, 'r3-r4': -0.234, 'r3-r5': -0.244, 'r4-r5': -0.245}
split-half reliability: {'r1': 0.884, 'r2': 0.784, 'r3': 0.673, 'r4': 0.555, 'r5': 0.48}
weighted cross-word interference: 0.0244 (pair mass covered 1.00)
packing: 10000 senses, 49975000 cross-word pairs
  angular deviation from 90° — SGD:    {'p50.0': 5.595, 'p89.9': 13.482, 'p99.0': 21.123, 'p99.9': 54.226} max 73.11°
  angular deviation from 90° — random: {'p50.0': 0.604, 'p89.9': 1.473, 'p99.0': 2.306, 'p99.9': 2.945} max 5.23°
  eps-grid  viol(SGD)  viol(random)   [fraction of pairs beyond 90°±eps]
    ± 4.00°   0.6303     0.0000
    ± 4.56°   0.5830     0.0000
    ± 5.20°   0.5312     0.0000
    ± 5.92°   0.4749     0.0000
    ± 6.75°   0.4148     0.0000
    ± 7.70°   0.3519     0.0000
    ± 8.77°   0.2879     0.0000
    ±10.00°   0.2248     0.0000
saved results/big_g0.0_l0.0_s0.pt
