preflight [NVIDIA GeForce RTX 5060 Laptop GPU]: 8.0GB VRAM free (need 6.8)
== BIG d=256 gamma=0.0 lam=0.0 seed=0 V=14082 train=86400 test=9600 device=cuda prec=bf16 pen=coact
  step     0  loss 9.5625
  step   500  loss 8.8146
  step  1000  loss 8.7319
  step  1500  loss 8.5375
  step  2000  loss 8.3258
  step  2500  loss 7.7994
  step  3000  loss 7.4961
  step  3500  loss 6.9960
  step  4000  loss 4.5439
  step  4500  loss 2.8107
  step  5000  loss 1.9443
  step  5500  loss 1.6012
  step  5999  loss 1.3614
train 55s  saved results/big_g0.0_l0.0_s0_bf16_d256.ckpt
held-out cont acc 0.453
per-rank (held-out): {'r1': 'acc=0.694 loss=1.177 n=4189', 'r2': 'acc=0.387 loss=2.180 n=2193', 'r3': 'acc=0.262 loss=3.165 n=1401', 'r4': 'acc=0.140 loss=4.177 n=1003', 'r5': 'acc=0.108 loss=5.203 n=814'}
capture 2s  (96000 vectors)
[resid] same-word median cos -0.286 (n=20000 pairs, k=5 simplex=-0.25) -> SIMPLEX
rank-pair mean cos: {'r1-r2': 0.184, 'r1-r3': -0.289, 'r1-r4': -0.533, 'r1-r5': -0.597, 'r2-r3': -0.253, 'r2-r4': -0.427, 'r2-r5': -0.468, 'r3-r4': -0.067, 'r3-r5': -0.03, 'r4-r5': 0.224}
split-half reliability: {'r1': 0.809, 'r2': 0.506, 'r3': 0.232, 'r4': 0.276, 'r5': 0.316}
weighted cross-word interference: 0.1742 (pair mass covered 1.00)
packing: 10000 senses, 49975000 cross-word pairs
  angular deviation from 90° — SGD:    {'p50.0': 16.943, 'p89.9': 38.711, 'p99.0': 55.949, 'p99.9': 65.961} max 84.83°
  angular deviation from 90° — random: {'p50.0': 2.422, 'p89.9': 5.903, 'p99.0': 9.233, 'p99.9': 11.774} max 20.10°
  eps-grid  viol(SGD)  viol(random)   [fraction of pairs beyond 90°±eps]
    ± 4.00°   0.8757     0.2653
    ± 4.56°   0.8584     0.2041
    ± 5.20°   0.8388     0.1477
    ± 5.92°   0.8165     0.0988
    ± 6.75°   0.7912     0.0598
    ± 7.70°   0.7627     0.0319
    ± 8.77°   0.7304     0.0144
    ±10.00°   0.6940     0.0053
saved results/big_g0.0_l0.0_s0_bf16_d256.pt
