preflight [NVIDIA GeForce RTX 5060 Laptop GPU]: 8.0GB VRAM free (need 6.8)
== BIG d=64 gamma=0.0 lam=0.0 seed=2 V=14082 train=86400 test=9600 device=cuda prec=bf16 pen=coact
  step     0  loss 9.5625
  step   500  loss 8.9678
  step  1000  loss 8.8589
  step  1500  loss 8.6570
  step  2000  loss 8.7100
  step  2500  loss 8.7393
  step  3000  loss 8.7323
  step  3500  loss 8.7408
  step  4000  loss 8.6217
  step  4500  loss 8.7207
  step  5000  loss 8.6179
  step  5500  loss 8.5955
  step  5999  loss 8.4674
train 57s  saved results/big_g0.0_l0.0_s2_bf16_d64.ckpt
held-out cont acc 0.000
per-rank (held-out): {'r1': 'acc=0.001 loss=8.036 n=4161', 'r2': 'acc=0.000 loss=9.041 n=2230', 'r3': 'acc=0.000 loss=9.570 n=1408', 'r4': 'acc=0.000 loss=9.774 n=954', 'r5': 'acc=0.000 loss=10.084 n=847'}
capture 2s  (96000 vectors)
[resid] same-word median cos -0.520 (n=20000 pairs, k=5 simplex=-0.25) -> SIMPLEX
rank-pair mean cos: {'r1-r2': 0.491, 'r1-r3': -0.895, 'r1-r4': -0.963, 'r1-r5': -0.965, 'r2-r3': -0.384, 'r2-r4': -0.517, 'r2-r5': -0.535, 'r3-r4': 0.843, 'r3-r5': 0.833, 'r4-r5': 0.918}
split-half reliability: {'r1': 0.997, 'r2': 0.498, 'r3': 0.65, 'r4': 0.8, 'r5': 0.792}
weighted cross-word interference: 0.7637 (pair mass covered 1.00)
packing: 10000 senses, 49975000 cross-word pairs
  angular deviation from 90° — SGD:    {'p50.0': 70.907, 'p89.9': 85.534, 'p99.0': 88.743, 'p99.9': 89.456} max 89.93°
  angular deviation from 90° — random: {'p50.0': 4.885, 'p89.9': 11.877, 'p99.0': 18.502, 'p99.9': 23.503} max 39.04°
  eps-grid  viol(SGD)  viol(random)   [fraction of pairs beyond 90°±eps]
    ± 4.00°   0.9867     0.5808
    ± 4.56°   0.9848     0.5290
    ± 5.20°   0.9827     0.4730
    ± 5.92°   0.9802     0.4132
    ± 6.75°   0.9774     0.3509
    ± 7.70°   0.9742     0.2875
    ± 8.77°   0.9706     0.2252
    ±10.00°   0.9664     0.1666
saved results/big_g0.0_l0.0_s2_bf16_d64.pt
