preflight [NVIDIA GeForce RTX 5060 Laptop GPU]: 8.0GB VRAM free (need 6.8)
== BIG d=2048 gamma=0.0 lam=0.0 seed=0 V=14082 train=86400 test=9600 device=cuda prec=bf16 pen=coact
  step     0  loss 9.5540
  step   500  loss 1.1539
  step  1000  loss 0.7568
  step  1500  loss 0.5911
  step  2000  loss 6.5664
  step  2500  loss 5.5955
  step  3000  loss 4.4353
  step  3500  loss 4.6226
  step  4000  loss 3.7551
  step  4500  loss 112.7710
  step  5000  loss 6.0133
  step  5500  loss 4.5901
  step  5999  loss 3.9446
train 286s  saved results/big_g0.0_l0.0_s0_bf16_d2048_lr0.001.ckpt
held-out cont acc 0.312
per-rank (held-out): {'r1': 'acc=0.578 loss=12.870 n=4189', 'r2': 'acc=0.190 loss=4.643 n=2193', 'r3': 'acc=0.084 loss=8.469 n=1401', 'r4': 'acc=0.029 loss=6.485 n=1003', 'r5': 'acc=0.021 loss=7.499 n=814'}
capture 11s  (96000 vectors)
[resid] same-word median cos +1.000 (n=20000 pairs, k=5 simplex=-0.25) -> COLLAPSED
rank-pair mean cos: {'r1-r2': 0.767, 'r1-r3': 0.752, 'r1-r4': 0.769, 'r1-r5': 0.757, 'r2-r3': 0.772, 'r2-r4': 0.779, 'r2-r5': 0.772, 'r3-r4': 0.774, 'r3-r5': 0.769, 'r4-r5': 0.789}
split-half reliability: {'r1': 0.873, 'r2': 0.873, 'r3': 0.85, 'r4': 0.855, 'r5': 0.856}
weighted cross-word interference: 0.0032 (pair mass covered 1.00)
packing: 10000 senses, 49975000 cross-word pairs
  angular deviation from 90° — SGD:    {'p50.0': 1.105, 'p89.9': 3.048, 'p99.0': 15.051, 'p99.9': 35.889} max 89.46°
  angular deviation from 90° — random: {'p50.0': 0.854, 'p89.9': 2.083, 'p99.0': 3.262, 'p99.9': 4.167} max 7.22°
  eps-grid  viol(SGD)  viol(random)   [fraction of pairs beyond 90°±eps]
    ± 4.00°   0.0534     0.0016
    ± 4.56°   0.0411     0.0003
    ± 5.20°   0.0333     0.0000
    ± 5.92°   0.0282     0.0000
    ± 6.75°   0.0246     0.0000
    ± 7.70°   0.0217     0.0000
    ± 8.77°   0.0192     0.0000
    ±10.00°   0.0168     0.0000
saved results/big_g0.0_l0.0_s0_bf16_d2048_lr0.001.pt
