preflight [NVIDIA GeForce RTX 5060 Laptop GPU]: 8.0GB VRAM free (need 6.8)
== BIG d=256 gamma=0.0 lam=0.0 seed=0 V=14082 train=86400 test=9600 device=cuda prec=bf16 pen=coact
  step     0  loss 9.5625
  step   500  loss 1.9573
  step  1000  loss 0.4421
  step  1500  loss 0.1756
  step  2000  loss 0.1740
  step  2500  loss 0.0479
  step  3000  loss 0.0445
  step  3500  loss 0.1013
  step  4000  loss 0.0863
  step  4500  loss 0.0451
  step  5000  loss 0.0446
  step  5500  loss 0.0545
  step  5999  loss 0.0341
train 55s  saved results/big_g0.0_l0.0_s0_bf16_d256_lr0.001.ckpt
held-out cont acc 0.921
per-rank (held-out): {'r1': 'acc=0.974 loss=0.106 n=4189', 'r2': 'acc=0.943 loss=0.274 n=2193', 'r3': 'acc=0.899 loss=0.481 n=1401', 'r4': 'acc=0.818 loss=0.921 n=1003', 'r5': 'acc=0.748 loss=1.436 n=814'}
capture 2s  (96000 vectors)
[resid] same-word median cos -0.249 (n=20000 pairs, k=5 simplex=-0.25) -> SIMPLEX
rank-pair mean cos: {'r1-r2': -0.375, 'r1-r3': -0.245, 'r1-r4': -0.196, 'r1-r5': -0.192, 'r2-r3': -0.258, 'r2-r4': -0.212, 'r2-r5': -0.199, 'r3-r4': -0.268, 'r3-r5': -0.23, 'r4-r5': -0.274}
split-half reliability: {'r1': 0.965, 'r2': 0.934, 'r3': 0.889, 'r4': 0.832, 'r5': 0.785}
weighted cross-word interference: 0.0670 (pair mass covered 1.00)
packing: 10000 senses, 49975000 cross-word pairs
  angular deviation from 90° — SGD:    {'p50.0': 10.066, 'p89.9': 23.94, 'p99.0': 36.517, 'p99.9': 68.139} max 83.01°
  angular deviation from 90° — random: {'p50.0': 2.422, 'p89.9': 5.903, 'p99.0': 9.233, 'p99.9': 11.774} max 20.10°
  eps-grid  viol(SGD)  viol(random)   [fraction of pairs beyond 90°±eps]
    ± 4.00°   0.7897     0.2653
    ± 4.56°   0.7611     0.2041
    ± 5.20°   0.7288     0.1477
    ± 5.92°   0.6926     0.0988
    ± 6.75°   0.6520     0.0598
    ± 7.70°   0.6070     0.0319
    ± 8.77°   0.5572     0.0144
    ±10.00°   0.5029     0.0053
saved results/big_g0.0_l0.0_s0_bf16_d256_lr0.001.pt
