preflight [NVIDIA GeForce RTX 5060 Laptop GPU]: 8.0GB VRAM free (need 4.4)
== BIG d=512 gamma=0.0 lam=0.0 seed=0 V=14082 train=86400 test=9600 device=cuda prec=bf16 pen=coact
loaded results/big_g0.0_l0.0_s0_bf16_d512.ckpt, skipping training
held-out cont acc 0.722
per-rank (held-out): {'r1': 'acc=0.850 loss=0.639 n=4189', 'r2': 'acc=0.735 loss=1.181 n=2193', 'r3': 'acc=0.617 loss=1.947 n=1401', 'r4': 'acc=0.523 loss=2.740 n=1003', 'r5': 'acc=0.450 loss=3.576 n=814'}
capture 3s  (96000 vectors)
[resid] same-word median cos -0.255 (n=20000 pairs, k=5 simplex=-0.25) -> SIMPLEX
rank-pair mean cos: {'r1-r2': -0.392, 'r1-r3': -0.18, 'r1-r4': -0.157, 'r1-r5': -0.226, 'r2-r3': -0.295, 'r2-r4': -0.256, 'r2-r5': -0.183, 'r3-r4': -0.287, 'r3-r5': -0.256, 'r4-r5': -0.2}
split-half reliability: {'r1': 0.861, 'r2': 0.792, 'r3': 0.668, 'r4': 0.531, 'r5': 0.47}
weighted cross-word interference: 0.0835 (pair mass covered 1.00)
packing: 10000 senses, 49975000 cross-word pairs
  angular deviation from 90° — SGD:    {'p50.0': 11.198, 'p89.9': 26.706, 'p99.0': 40.778, 'p99.9': 55.148} max 81.70°
  angular deviation from 90° — random: {'p50.0': 1.711, 'p89.9': 4.17, 'p99.0': 6.525, 'p99.9': 8.331} max 14.97°
  eps-grid  viol(SGD)  viol(random)   [fraction of pairs beyond 90°±eps]
    ± 4.00°   0.8106     0.1146
    ± 4.56°   0.7846     0.0721
    ± 5.20°   0.7553     0.0403
    ± 5.92°   0.7223     0.0194
    ± 6.75°   0.6853     0.0077
    ± 7.70°   0.6439     0.0024
    ± 8.77°   0.5980     0.0005
    ±10.00°   0.5474     0.0001
saved results/big_g0.0_l0.0_s0_bf16_d512.pt
