preflight [NVIDIA GeForce RTX 5060 Laptop GPU]: 8.0GB VRAM free (need 6.8)
== BIG d=1024 gamma=0.0 lam=0.0 seed=0 V=14082 train=86400 test=9600 device=cuda prec=bf16 pen=coact
  step     0  loss 9.5574
  step   500  loss 0.9847
  step  1000  loss 0.3258
  step  1500  loss 0.1787
  step  2000  loss 0.2689
  step  2500  loss 0.2155
  step  3000  loss 0.1613
  step  3500  loss 0.5823
  step  4000  loss 0.1441
  step  4500  loss 0.2500
  step  5000  loss 0.6268
  step  5500  loss 0.1198
  step  5999  loss 0.3246
train 119s  saved results/big_g0.0_l0.0_s0_bf16_d1024_lr0.001.ckpt
held-out cont acc 0.815
per-rank (held-out): {'r1': 'acc=0.916 loss=0.479 n=4189', 'r2': 'acc=0.849 loss=0.696 n=2193', 'r3': 'acc=0.745 loss=1.326 n=1401', 'r4': 'acc=0.629 loss=2.265 n=1003', 'r5': 'acc=0.553 loss=3.580 n=814'}
capture 5s  (96000 vectors)
[resid] same-word median cos -0.248 (n=20000 pairs, k=5 simplex=-0.25) -> SIMPLEX
rank-pair mean cos: {'r1-r2': -0.237, 'r1-r3': -0.232, 'r1-r4': -0.212, 'r1-r5': -0.233, 'r2-r3': -0.237, 'r2-r4': -0.233, 'r2-r5': -0.227, 'r3-r4': -0.253, 'r3-r5': -0.255, 'r4-r5': -0.27}
split-half reliability: {'r1': 0.906, 'r2': 0.822, 'r3': 0.729, 'r4': 0.617, 'r5': 0.556}
weighted cross-word interference: 0.0293 (pair mass covered 1.00)
packing: 10000 senses, 49975000 cross-word pairs
  angular deviation from 90° — SGD:    {'p50.0': 6.33, 'p89.9': 15.345, 'p99.0': 24.096, 'p99.9': 50.703} max 73.82°
  angular deviation from 90° — random: {'p50.0': 1.209, 'p89.9': 2.946, 'p99.0': 4.612, 'p99.9': 5.888} max 10.31°
  eps-grid  viol(SGD)  viol(random)   [fraction of pairs beyond 90°±eps]
    ± 4.00°   0.6700     0.0255
    ± 4.56°   0.6272     0.0109
    ± 5.20°   0.5798     0.0037
    ± 5.92°   0.5279     0.0009
    ± 6.75°   0.4718     0.0002
    ± 7.70°   0.4120     0.0000
    ± 8.77°   0.3495     0.0000
    ±10.00°   0.2859     0.0000
saved results/big_g0.0_l0.0_s0_bf16_d1024_lr0.001.pt
