preflight [NVIDIA GeForce RTX 5060 Laptop GPU]: 8.0GB VRAM free (need 6.8)
== BIG d=64 gamma=0.0 lam=0.0 seed=0 V=14082 train=86400 test=9600 device=cuda prec=bf16 pen=coact
  step     0  loss 9.5625
  step   500  loss 8.9757
  step  1000  loss 8.7914
  step  1500  loss 8.7285
  step  2000  loss 8.7932
  step  2500  loss 8.6985
  step  3000  loss 8.7012
  step  3500  loss 8.8124
  step  4000  loss 8.6647
  step  4500  loss 8.6096
  step  5000  loss 8.5350
  step  5500  loss 8.4714
  step  5999  loss 8.4403
train 57s  saved results/big_g0.0_l0.0_s0_bf16_d64.ckpt
held-out cont acc 0.001
per-rank (held-out): {'r1': 'acc=0.002 loss=7.974 n=4189', 'r2': 'acc=0.000 loss=8.959 n=2193', 'r3': 'acc=0.000 loss=9.429 n=1401', 'r4': 'acc=0.000 loss=9.814 n=1003', 'r5': 'acc=0.000 loss=10.332 n=814'}
capture 2s  (96000 vectors)
[resid] same-word median cos -0.722 (n=20000 pairs, k=5 simplex=-0.25) -> SIMPLEX
rank-pair mean cos: {'r1-r2': 0.73, 'r1-r3': -0.777, 'r1-r4': -0.921, 'r1-r5': -0.932, 'r2-r3': -0.505, 'r2-r4': -0.713, 'r2-r5': -0.717, 'r3-r4': 0.681, 'r3-r5': 0.686, 'r4-r5': 0.841}
split-half reliability: {'r1': 0.988, 'r2': 0.685, 'r3': 0.556, 'r4': 0.671, 'r5': 0.674}
weighted cross-word interference: 0.7711 (pair mass covered 1.00)
packing: 10000 senses, 49975000 cross-word pairs
  angular deviation from 90° — SGD:    {'p50.0': 68.461, 'p89.9': 85.279, 'p99.0': 88.861, 'p99.9': 89.568} max 89.98°
  angular deviation from 90° — random: {'p50.0': 4.886, 'p89.9': 11.878, 'p99.0': 18.5, 'p99.9': 23.511} max 38.82°
  eps-grid  viol(SGD)  viol(random)   [fraction of pairs beyond 90°±eps]
    ± 4.00°   0.9892     0.5808
    ± 4.56°   0.9877     0.5291
    ± 5.20°   0.9859     0.4730
    ± 5.92°   0.9839     0.4134
    ± 6.75°   0.9816     0.3510
    ± 7.70°   0.9790     0.2876
    ± 8.77°   0.9760     0.2252
    ±10.00°   0.9725     0.1666
saved results/big_g0.0_l0.0_s0_bf16_d64.pt
