preflight [NVIDIA GeForce RTX 5060 Laptop GPU]: 8.0GB VRAM free (need 6.8)
== BIG d=256 gamma=0.0 lam=0.0 seed=2 V=14082 train=86400 test=9600 device=cuda prec=bf16 pen=coact
  step     0  loss 9.5625
  step   500  loss 8.7909
  step  1000  loss 8.7943
  step  1500  loss 8.4723
  step  2000  loss 8.1592
  step  2500  loss 7.7797
  step  3000  loss 7.5089
  step  3500  loss 6.4752
  step  4000  loss 4.7256
  step  4500  loss 3.0928
  step  5000  loss 1.9836
  step  5500  loss 1.4748
  step  5999  loss 1.1406
train 55s  saved results/big_g0.0_l0.0_s2_bf16_d256.ckpt
held-out cont acc 0.472
per-rank (held-out): {'r1': 'acc=0.725 loss=1.007 n=4161', 'r2': 'acc=0.382 loss=2.020 n=2230', 'r3': 'acc=0.256 loss=2.941 n=1408', 'r4': 'acc=0.186 loss=3.857 n=954', 'r5': 'acc=0.151 loss=4.424 n=847'}
capture 2s  (96000 vectors)
[resid] same-word median cos -0.289 (n=20000 pairs, k=5 simplex=-0.25) -> SIMPLEX
rank-pair mean cos: {'r1-r2': 0.209, 'r1-r3': -0.269, 'r1-r4': -0.556, 'r1-r5': -0.603, 'r2-r3': -0.228, 'r2-r4': -0.422, 'r2-r5': -0.489, 'r3-r4': -0.063, 'r3-r5': -0.067, 'r4-r5': 0.24}
split-half reliability: {'r1': 0.809, 'r2': 0.488, 'r3': 0.213, 'r4': 0.3, 'r5': 0.348}
weighted cross-word interference: 0.1843 (pair mass covered 1.00)
packing: 10000 senses, 49975000 cross-word pairs
  angular deviation from 90° — SGD:    {'p50.0': 17.623, 'p89.9': 39.707, 'p99.0': 56.584, 'p99.9': 66.289} max 82.07°
  angular deviation from 90° — random: {'p50.0': 2.423, 'p89.9': 5.903, 'p99.0': 9.23, 'p99.9': 11.778} max 21.45°
  eps-grid  viol(SGD)  viol(random)   [fraction of pairs beyond 90°±eps]
    ± 4.00°   0.8807     0.2654
    ± 4.56°   0.8641     0.2042
    ± 5.20°   0.8453     0.1477
    ± 5.92°   0.8239     0.0988
    ± 6.75°   0.7996     0.0598
    ± 7.70°   0.7721     0.0318
    ± 8.77°   0.7410     0.0144
    ±10.00°   0.7059     0.0052
saved results/big_g0.0_l0.0_s2_bf16_d256.pt
