preflight [NVIDIA GeForce RTX 5060 Laptop GPU]: 8.0GB VRAM free (need 6.8)
== BIG d=256 gamma=0.0 lam=0.0 seed=1 V=14082 train=86400 test=9600 device=cuda prec=bf16 pen=coact
  step     0  loss 9.5625
  step   500  loss 1.9113
  step  1000  loss 0.4338
  step  1500  loss 0.1284
  step  2000  loss 0.1393
  step  2500  loss 0.0438
  step  3000  loss 0.0447
  step  3500  loss 0.0703
  step  4000  loss 0.0228
  step  4500  loss 0.0317
  step  5000  loss 0.0601
  step  5500  loss 0.0424
  step  5999  loss 0.0136
train 56s  saved results/big_g0.0_l0.0_s1_bf16_d256_lr0.001.ckpt
held-out cont acc 0.935
per-rank (held-out): {'r1': 'acc=0.973 loss=0.108 n=4219', 'r2': 'acc=0.955 loss=0.211 n=2211', 'r3': 'acc=0.913 loss=0.337 n=1379', 'r4': 'acc=0.852 loss=0.680 n=1045', 'r5': 'acc=0.824 loss=0.864 n=746'}
capture 2s  (96000 vectors)
[resid] same-word median cos -0.248 (n=20000 pairs, k=5 simplex=-0.25) -> SIMPLEX
rank-pair mean cos: {'r1-r2': -0.37, 'r1-r3': -0.246, 'r1-r4': -0.184, 'r1-r5': -0.171, 'r2-r3': -0.238, 'r2-r4': -0.231, 'r2-r5': -0.23, 'r3-r4': -0.265, 'r3-r5': -0.257, 'r4-r5': -0.262}
split-half reliability: {'r1': 0.968, 'r2': 0.942, 'r3': 0.899, 'r4': 0.845, 'r5': 0.809}
weighted cross-word interference: 0.0654 (pair mass covered 1.00)
packing: 10000 senses, 49975000 cross-word pairs
  angular deviation from 90° — SGD:    {'p50.0': 10.121, 'p89.9': 24.231, 'p99.0': 37.018, 'p99.9': 69.228} max 81.34°
  angular deviation from 90° — random: {'p50.0': 2.422, 'p89.9': 5.902, 'p99.0': 9.231, 'p99.9': 11.785} max 19.69°
  eps-grid  viol(SGD)  viol(random)   [fraction of pairs beyond 90°±eps]
    ± 4.00°   0.7907     0.2651
    ± 4.56°   0.7622     0.2040
    ± 5.20°   0.7301     0.1476
    ± 5.92°   0.6941     0.0987
    ± 6.75°   0.6536     0.0598
    ± 7.70°   0.6088     0.0318
    ± 8.77°   0.5593     0.0144
    ±10.00°   0.5052     0.0053
saved results/big_g0.0_l0.0_s1_bf16_d256_lr0.001.pt
