== d=64 gamma=4.0 seed=2 V=430 train=17280 test=1920
  step     0  loss 6.0630
  step   500  loss 0.8752
  step  1000  loss 0.7201
  step  1500  loss 0.6587
  step  2000  loss 0.5756
  step  2499  loss 0.5359
cont acc 0.826  (43s)
[     emb] median cos +1.000  (null +1.000, n=72) -> COLLAPSED
    +0.9..+1.0 ##################################################
[attn_raw] median cos -0.372  (null +0.882, n=72) -> SIMPLEX
    -1.0..-0.9 ###########################
    -0.9..-0.8 ###########
    -0.8..-0.7 ###########
    -0.7..-0.6 ##################################################
    -0.6..-0.5 #################################
    -0.5..-0.4 ##################################################
    -0.4..-0.3 ######################################
    -0.3..-0.2 ######################
    -0.2..-0.1 ############################################
    -0.1..+0.0 ################
    +0.0..+0.1 ######################
    +0.1..+0.2 #################################
    +0.3..+0.4 ###########
    +0.4..+0.5 ################
    +0.5..+0.6 ###########
[   resid] median cos -0.372  (null +0.865, n=72) -> SIMPLEX
    -1.0..-0.9 #########################
    -0.9..-0.8 ###############
    -0.8..-0.7 ###############
    -0.7..-0.6 ##############################
    -0.6..-0.5 #############################################
    -0.5..-0.4 #########################
    -0.4..-0.3 ##################################################
    -0.3..-0.2 #########################
    -0.2..-0.1 #########################
    -0.1..+0.0 ####################
    +0.0..+0.1 #########################
    +0.1..+0.2 ###############
    +0.2..+0.3 ##########
    +0.3..+0.4 #########################
    +0.4..+0.5 ##########
weighted cross-word interference (resid): 0.3947  (pair mass covered 1.00)
same-word rank-pair mean cos: {'r1-r2': -0.297, 'r1-r3': -0.435, 'r1-r4': -0.631, 'r2-r3': -0.474, 'r2-r4': -0.178, 'r3-r4': 0.13}
split-half reliability by rank: {'r1': 0.986, 'r2': 0.949, 'r3': 0.908, 'r4': 0.889}
