== d=64 gamma=4.0 seed=4 V=430 train=17280 test=1920
  step     0  loss 6.0629
  step   500  loss 0.8357
  step  1000  loss 0.4603
  step  1500  loss 0.3382
  step  2000  loss 0.3590
  step  2499  loss 0.3617
cont acc 0.883  (43s)
[     emb] median cos +1.000  (null +1.000, n=72) -> COLLAPSED
    +0.9..+1.0 ##################################################
[attn_raw] median cos -0.232  (null +0.855, n=72) -> SIMPLEX
    -1.0..-0.9 ######################
    -0.9..-0.8 ###############################
    -0.8..-0.7 ######################
    -0.7..-0.6 #############
    -0.6..-0.5 ######################
    -0.5..-0.4 ##################
    -0.4..-0.3 #########
    -0.3..-0.2 ####################################
    -0.2..-0.1 ##################################################
    -0.1..+0.0 ######################
    +0.0..+0.1 ##################
    +0.1..+0.2 ###############################
    +0.2..+0.3 ##################
    +0.3..+0.4 ####
    +0.5..+0.6 ####
[   resid] median cos -0.228  (null +0.862, n=72) -> SIMPLEX
    -1.0..-0.9 ################################
    -0.9..-0.8 #########################
    -0.8..-0.7 #######
    -0.7..-0.6 #######
    -0.6..-0.5 ###
    -0.5..-0.4 #################
    -0.4..-0.3 #######
    -0.3..-0.2 ################################
    -0.2..-0.1 ##################################################
    -0.1..+0.0 ##########
    +0.0..+0.1 #######################################
    +0.1..+0.2 ##############
    +0.2..+0.3 ###
    +0.3..+0.4 ###
    +0.4..+0.5 ###
weighted cross-word interference (resid): 0.4240  (pair mass covered 1.00)
same-word rank-pair mean cos: {'r1-r2': -0.128, 'r1-r3': -0.487, 'r1-r4': -0.574, 'r2-r3': -0.491, 'r2-r4': -0.311, 'r3-r4': 0.047}
split-half reliability by rank: {'r1': 0.985, 'r2': 0.983, 'r3': 0.972, 'r4': 0.976}
