== d=64 gamma=1.0 seed=0 V=430 train=17280 test=1920
  step     0  loss 6.0648
  step   500  loss 0.5868
  step  1000  loss 0.1984
  step  1500  loss 0.1594
  step  2000  loss 0.1556
  step  2499  loss 0.1668
cont acc 0.911  (45s)
[     emb] median cos +1.000  (null +1.000, n=72) -> COLLAPSED
    +0.9..+1.0 ##################################################
[attn_raw] median cos -0.341  (null +0.909, n=72) -> SIMPLEX
    -0.7..-0.6 ##
    -0.6..-0.5 ############################################
    -0.5..-0.4 ###################################
    -0.4..-0.3 ##########################
    -0.3..-0.2 ##################################################
    -0.2..-0.1 #############################
    -0.1..+0.0 ####################
    +0.1..+0.2 ##
[   resid] median cos -0.340  (null +0.857, n=72) -> SIMPLEX
    -0.7..-0.6 #
    -0.6..-0.5 ###########
    -0.5..-0.4 #####################
    -0.4..-0.3 ##################################################
    -0.3..-0.2 ############################
    -0.2..-0.1 #####################
    -0.1..+0.0 ###
weighted cross-word interference (resid): 0.3221  (pair mass covered 1.00)
same-word rank-pair mean cos: {'r1-r2': -0.288, 'r1-r3': -0.277, 'r1-r4': -0.446, 'r2-r3': -0.364, 'r2-r4': -0.353, 'r3-r4': -0.248}
split-half reliability by rank: {'r1': 0.996, 'r2': 0.99, 'r3': 0.97, 'r4': 0.987}
