== d=64 gamma=4.0 seed=0 V=430 train=17280 test=1920
  step     0  loss 6.0648
  step   500  loss 0.8663
  step  1000  loss 0.6927
  step  1500  loss 0.5329
  step  2000  loss 0.5238
  step  2499  loss 0.5428
cont acc 0.848  (43s)
[     emb] median cos +1.000  (null +1.000, n=72) -> COLLAPSED
    +0.9..+1.0 ##################################################
[attn_raw] median cos -0.283  (null +0.849, n=72) -> SIMPLEX
    -1.0..-0.9 ###########################
    -0.9..-0.8 #############
    -0.8..-0.7 #########
    -0.7..-0.6 ######################
    -0.6..-0.5 #############
    -0.5..-0.4 ####################################
    -0.4..-0.3 ###############################
    -0.3..-0.2 ##################################################
    -0.2..-0.1 ########################################
    -0.1..+0.0 ####################################
    +0.0..+0.1 ####
    +0.1..+0.2 #########
    +0.2..+0.3 ##################
    +0.3..+0.4 #########
    +0.4..+0.5 ####
[   resid] median cos -0.355  (null +0.872, n=72) -> SIMPLEX
    -1.0..-0.9 ###########################
    -0.9..-0.8 ####
    -0.8..-0.7 #############
    -0.7..-0.6 #########
    -0.6..-0.5 ###############################
    -0.5..-0.4 ##################################################
    -0.4..-0.3 ####################################
    -0.3..-0.2 ###########################
    -0.2..-0.1 ####################################
    -0.1..+0.0 ########################################
    +0.0..+0.1 #############
    +0.1..+0.2 #########
    +0.2..+0.3 #############
    +0.4..+0.5 #########
    +0.5..+0.6 ####
weighted cross-word interference (resid): 0.3999  (pair mass covered 1.00)
same-word rank-pair mean cos: {'r1-r2': -0.449, 'r1-r3': -0.523, 'r1-r4': -0.293, 'r2-r3': -0.162, 'r2-r4': -0.402, 'r3-r4': -0.063}
split-half reliability by rank: {'r1': 0.986, 'r2': 0.961, 'r3': 0.954, 'r4': 0.899}
