== d=64 gamma=2.0 seed=3 V=430 train=17280 test=1920
  step     0  loss 6.0631
  step   500  loss 0.6840
  step  1000  loss 0.3224
  step  1500  loss 0.2837
  step  2000  loss 0.2210
  step  2499  loss 0.2000
cont acc 0.903  (43s)
[     emb] median cos +1.000  (null +1.000, n=72) -> COLLAPSED
    +0.9..+1.0 ##################################################
[attn_raw] median cos -0.223  (null +0.851, n=72) -> SIMPLEX
    -1.0..-0.9 #############################################
    -0.9..-0.8 #########################
    -0.8..-0.7 ############
    -0.7..-0.6 ################
    -0.5..-0.4 ########
    -0.4..-0.3 #########################
    -0.3..-0.2 #################################
    -0.2..-0.1 #########################
    -0.1..+0.0 ####################
    +0.0..+0.1 ##################################################
    +0.1..+0.2 ########
    +0.2..+0.3 ########
    +0.3..+0.4 ############
    +0.4..+0.5 ####
    +0.5..+0.6 ####
[   resid] median cos -0.165  (null +0.895, n=72) -> SIMPLEX
    -1.0..-0.9 ##################################################
    -0.9..-0.8 #####################
    -0.8..-0.7 ###
    -0.4..-0.3 ############
    -0.3..-0.2 ######
    -0.2..-0.1 ###########################################
    -0.1..+0.0 #####################
    +0.0..+0.1 #####################################
    +0.1..+0.2 ###
    +0.2..+0.3 ############
    +0.3..+0.4 #########
    +0.6..+0.7 ###
weighted cross-word interference (resid): 0.4603  (pair mass covered 1.00)
same-word rank-pair mean cos: {'r1-r2': -0.107, 'r1-r3': -0.661, 'r1-r4': -0.42, 'r2-r3': -0.374, 'r2-r4': -0.584, 'r3-r4': 0.191}
split-half reliability by rank: {'r1': 0.996, 'r2': 0.993, 'r3': 0.962, 'r4': 0.991}
