== d=64 gamma=0.0 seed=3 V=430 train=17280 test=1920
  step     0  loss 6.0631
  step   500  loss 0.5686
  step  1000  loss 0.1506
  step  1500  loss 0.1213
  step  2000  loss 0.0926
  step  2499  loss 0.0912
cont acc 0.914  (43s)
[     emb] median cos +1.000  (null +1.000, n=72) -> COLLAPSED
    +0.9..+1.0 ##################################################
[attn_raw] median cos -0.322  (null +0.904, n=72) -> SIMPLEX
    -0.8..-0.7 ###
    -0.7..-0.6 ##################################
    -0.6..-0.5 ##############################################
    -0.5..-0.4 ##################################
    -0.4..-0.3 ##########################
    -0.3..-0.2 ##################################
    -0.2..-0.1 ##################################################
    -0.1..+0.0 ###################
    +0.0..+0.1 ###########
    +0.1..+0.2 #######
    +0.2..+0.3 ###
    +0.4..+0.5 ###
[   resid] median cos -0.385  (null +0.915, n=72) -> SIMPLEX
    -0.8..-0.7 ##
    -0.7..-0.6 ###################
    -0.6..-0.5 #########################
    -0.5..-0.4 ##################################################
    -0.4..-0.3 ###################
    -0.3..-0.2 ##############################
    -0.2..-0.1 ################
    -0.1..+0.0 ###########
    +0.0..+0.1 #############
    +0.1..+0.2 ##
    +0.2..+0.3 #####
    +0.4..+0.5 ##
weighted cross-word interference (resid): 0.3156  (pair mass covered 1.00)
same-word rank-pair mean cos: {'r1-r2': -0.269, 'r1-r3': -0.416, 'r1-r4': -0.419, 'r2-r3': -0.349, 'r2-r4': -0.449, 'r3-r4': -0.045}
split-half reliability by rank: {'r1': 0.994, 'r2': 0.985, 'r3': 0.966, 'r4': 0.985}
