== d=64 gamma=2.0 seed=2 V=430 train=17280 test=1920
  step     0  loss 6.0630
  step   500  loss 0.7141
  step  1000  loss 0.3766
  step  1500  loss 0.3695
  step  2000  loss 0.3408
  step  2499  loss 0.3116
cont acc 0.874  (43s)
[     emb] median cos +1.000  (null +1.000, n=72) -> COLLAPSED
    +0.9..+1.0 ##################################################
[attn_raw] median cos -0.357  (null +0.884, n=72) -> SIMPLEX
    -1.0..-0.9 ##################################################
    -0.9..-0.8 #################
    -0.8..-0.7 ##
    -0.7..-0.6 ########
    -0.6..-0.5 #####
    -0.5..-0.4 ###########
    -0.4..-0.3 ###########
    -0.3..-0.2 #####
    -0.2..-0.1 ###########
    -0.1..+0.0 ####################
    +0.0..+0.1 ###########
    +0.1..+0.2 ###########
    +0.2..+0.3 ###########
    +0.3..+0.4 #####
    +0.4..+0.5 ###########
    +0.5..+0.6 ##
    +0.6..+0.7 ########
[   resid] median cos -0.243  (null +0.916, n=72) -> SIMPLEX
    -1.0..-0.9 ##################################################
    -0.7..-0.6 ##
    -0.6..-0.5 ######
    -0.4..-0.3 ##########
    -0.3..-0.2 ############
    -0.2..-0.1 ########
    -0.1..+0.0 ##############
    +0.0..+0.1 ##############
    +0.1..+0.2 ####
    +0.2..+0.3 ########
    +0.3..+0.4 ########
    +0.4..+0.5 ######
    +0.5..+0.6 ##
    +0.7..+0.8 ##
weighted cross-word interference (resid): 0.4454  (pair mass covered 1.00)
same-word rank-pair mean cos: {'r1-r2': 0.041, 'r1-r3': -0.323, 'r1-r4': -0.97, 'r2-r3': -0.941, 'r2-r4': -0.14, 'r3-r4': 0.372}
split-half reliability by rank: {'r1': 0.988, 'r2': 0.975, 'r3': 0.978, 'r4': 0.944}
