== d=64 gamma=1.5 seed=1 V=430 train=17280 test=1920
  step     0  loss 6.0632
  step   500  loss 0.6368
  step  1000  loss 0.2138
  step  1500  loss 0.1658
  step  2000  loss 0.2267
  step  2499  loss 0.1593
cont acc 0.908  (43s)
[     emb] median cos +1.000  (null +1.000, n=72) -> COLLAPSED
    +0.9..+1.0 ##################################################
[attn_raw] median cos -0.281  (null +0.887, n=72) -> SIMPLEX
    -1.0..-0.9 ######################
    -0.9..-0.8 #########
    -0.8..-0.7 ##################
    -0.7..-0.6 ####
    -0.6..-0.5 ###########################
    -0.5..-0.4 ###############################
    -0.4..-0.3 #############################################
    -0.3..-0.2 ###############################
    -0.2..-0.1 ##################################################
    -0.1..+0.0 ##################################################
    +0.0..+0.1 ##################
    +0.1..+0.2 ##################
[   resid] median cos -0.296  (null +0.874, n=72) -> SIMPLEX
    -1.0..-0.9 ###########################
    -0.9..-0.8 #########
    -0.8..-0.7 #########
    -0.7..-0.6 #############
    -0.6..-0.5 ######################
    -0.5..-0.4 ###############################
    -0.4..-0.3 ########################################
    -0.3..-0.2 ##################################################
    -0.2..-0.1 #############################################
    -0.1..+0.0 ####################################
    +0.0..+0.1 ##################
    +0.1..+0.2 ##################
    +0.2..+0.3 ####
weighted cross-word interference (resid): 0.3684  (pair mass covered 1.00)
same-word rank-pair mean cos: {'r1-r2': -0.146, 'r1-r3': -0.471, 'r1-r4': -0.377, 'r2-r3': -0.308, 'r2-r4': -0.536, 'r3-r4': -0.137}
split-half reliability by rank: {'r1': 0.992, 'r2': 0.987, 'r3': 0.981, 'r4': 0.971}
