== d=64 gamma=1.0 seed=1 V=430 train=17280 test=1920
  step     0  loss 6.0632
  step   500  loss 0.6207
  step  1000  loss 0.1737
  step  1500  loss 0.1270
  step  2000  loss 0.1483
  step  2499  loss 0.1253
cont acc 0.903  (43s)
[     emb] median cos +1.000  (null +1.000, n=72) -> COLLAPSED
    +0.9..+1.0 ##################################################
[attn_raw] median cos -0.330  (null +0.862, n=72) -> SIMPLEX
    -0.7..-0.6 #########
    -0.6..-0.5 ####
    -0.5..-0.4 ###############################
    -0.4..-0.3 ##################################################
    -0.3..-0.2 ######################################
    -0.2..-0.1 #########################
    -0.1..+0.0 ####
[   resid] median cos -0.315  (null +0.859, n=72) -> SIMPLEX
    -0.7..-0.6 ##
    -0.6..-0.5 ##########
    -0.5..-0.4 ############################
    -0.4..-0.3 #############################################
    -0.3..-0.2 ##################################################
    -0.2..-0.1 #############
    -0.1..+0.0 ######
weighted cross-word interference (resid): 0.3286  (pair mass covered 1.00)
same-word rank-pair mean cos: {'r1-r2': -0.332, 'r1-r3': -0.298, 'r1-r4': -0.409, 'r2-r3': -0.344, 'r2-r4': -0.332, 'r3-r4': -0.262}
split-half reliability by rank: {'r1': 0.993, 'r2': 0.988, 'r3': 0.981, 'r4': 0.97}
