== d=64 gamma=1.0 seed=4 V=430 train=17280 test=1920
  step     0  loss 6.0629
  step   500  loss 0.6427
  step  1000  loss 0.2215
  step  1500  loss 0.1379
  step  2000  loss 0.1422
  step  2499  loss 0.1532
cont acc 0.902  (43s)
[     emb] median cos +1.000  (null +1.000, n=72) -> COLLAPSED
    +0.9..+1.0 ##################################################
[attn_raw] median cos -0.276  (null +0.871, n=72) -> SIMPLEX
    -1.0..-0.9 ####
    -0.9..-0.8 ######################
    -0.8..-0.7 #########
    -0.7..-0.6 ######################
    -0.6..-0.5 ###############################
    -0.5..-0.4 ##################################################
    -0.4..-0.3 ##################
    -0.3..-0.2 ####################################
    -0.2..-0.1 ####################################
    -0.1..+0.0 #############################################
    +0.0..+0.1 ####################################
    +0.1..+0.2 ####
    +0.2..+0.3 #########
[   resid] median cos -0.336  (null +0.903, n=72) -> SIMPLEX
    -1.0..-0.9 ######
    -0.9..-0.8 ####################
    -0.7..-0.6 ######
    -0.6..-0.5 ######
    -0.5..-0.4 ####################################
    -0.4..-0.3 ##################################################
    -0.3..-0.2 #################################
    -0.2..-0.1 ########################################
    -0.1..+0.0 #############
    +0.0..+0.1 ################
    +0.1..+0.2 ######
    +0.2..+0.3 ###
weighted cross-word interference (resid): 0.3466  (pair mass covered 1.00)
same-word rank-pair mean cos: {'r1-r2': -0.234, 'r1-r3': -0.367, 'r1-r4': -0.573, 'r2-r3': -0.504, 'r2-r4': -0.167, 'r3-r4': -0.111}
split-half reliability by rank: {'r1': 0.996, 'r2': 0.986, 'r3': 0.952, 'r4': 0.989}
