== d=64 gamma=1.5 seed=3 V=430 train=17280 test=1920
  step     0  loss 6.0631
  step   500  loss 0.6477
  step  1000  loss 0.2959
  step  1500  loss 0.2668
  step  2000  loss 0.1904
  step  2499  loss 0.1769
cont acc 0.908  (43s)
[     emb] median cos +1.000  (null +1.000, n=72) -> COLLAPSED
    +0.9..+1.0 ##################################################
[attn_raw] median cos -0.223  (null +0.885, n=72) -> SIMPLEX
    -1.0..-0.9 ##################################################
    -0.9..-0.8 ####################
    -0.8..-0.7 ####################
    -0.7..-0.6 ####################
    -0.6..-0.5 ##########
    -0.5..-0.4 ###############
    -0.4..-0.3 ####################
    -0.3..-0.2 ########################################
    -0.2..-0.1 #############################################
    -0.1..+0.0 ########################################
    +0.0..+0.1 ########################################
    +0.1..+0.2 ##########
    +0.2..+0.3 ##########
    +0.3..+0.4 #####
    +0.4..+0.5 ##########
    +0.5..+0.6 #####
[   resid] median cos -0.208  (null +0.900, n=72) -> SIMPLEX
    -1.0..-0.9 ##################################################
    -0.9..-0.8 #######
    -0.8..-0.7 ###
    -0.7..-0.6 #################
    -0.6..-0.5 ###
    -0.5..-0.4 ##############
    -0.4..-0.3 ##############
    -0.3..-0.2 #################
    -0.2..-0.1 ##########################################
    -0.1..+0.0 #########################
    +0.0..+0.1 #########################
    +0.1..+0.2 ##############
    +0.2..+0.3 #######
    +0.3..+0.4 ##########
    +0.5..+0.6 ###
weighted cross-word interference (resid): 0.4360  (pair mass covered 1.00)
same-word rank-pair mean cos: {'r1-r2': -0.128, 'r1-r3': -0.55, 'r1-r4': -0.511, 'r2-r3': -0.443, 'r2-r4': -0.489, 'r3-r4': 0.162}
split-half reliability by rank: {'r1': 0.996, 'r2': 0.99, 'r3': 0.959, 'r4': 0.986}
