== d=64 gamma=3.0 seed=2 V=430 train=17280 test=1920
  step     0  loss 6.0630
  step   500  loss 0.8114
  step  1000  loss 0.5779
  step  1500  loss 0.4637
  step  2000  loss 0.4464
  step  2499  loss 0.4307
cont acc 0.825  (43s)
[     emb] median cos +1.000  (null +1.000, n=72) -> COLLAPSED
    +0.9..+1.0 ##################################################
[attn_raw] median cos -0.339  (null +0.898, n=72) -> SIMPLEX
    -1.0..-0.9 ##################################################
    -0.9..-0.8 ######
    -0.8..-0.7 ######
    -0.7..-0.6 ####
    -0.6..-0.5 ####
    -0.5..-0.4 ##
    -0.4..-0.3 ######
    -0.3..-0.2 #########
    -0.2..-0.1 #########
    -0.1..+0.0 #########
    +0.0..+0.1 ###############
    +0.1..+0.2 ######
    +0.2..+0.3 ####
    +0.3..+0.4 ##
    +0.4..+0.5 #########
    +0.5..+0.6 ####
    +0.6..+0.7 ##
    +0.7..+0.8 ####
    +0.8..+0.9 ####
[   resid] median cos -0.392  (null +0.933, n=72) -> SIMPLEX
    -1.0..-0.9 ##################################################
    -0.8..-0.7 ##
    -0.7..-0.6 ######
    -0.6..-0.5 ######
    -0.5..-0.4 ######
    -0.4..-0.3 ############
    -0.3..-0.2 ######
    -0.2..-0.1 ######
    -0.1..+0.0 ######
    +0.0..+0.1 ##
    +0.1..+0.2 ##########
    +0.2..+0.3 ######
    +0.3..+0.4 ##########
    +0.4..+0.5 ##
    +0.5..+0.6 ######
    +0.6..+0.7 ####
    +0.7..+0.8 ######
weighted cross-word interference (resid): 0.4814  (pair mass covered 1.00)
same-word rank-pair mean cos: {'r1-r2': 0.177, 'r1-r3': -0.36, 'r1-r4': -0.977, 'r2-r3': -0.963, 'r2-r4': -0.256, 'r3-r4': 0.408}
split-half reliability by rank: {'r1': 0.982, 'r2': 0.982, 'r3': 0.977, 'r4': 0.932}
