== d=64 gamma=3.0 seed=4 V=430 train=17280 test=1920
  step     0  loss 6.0629
  step   500  loss 0.7702
  step  1000  loss 0.3795
  step  1500  loss 0.2701
  step  2000  loss 0.2957
  step  2499  loss 0.2683
cont acc 0.890  (43s)
[     emb] median cos +1.000  (null +1.000, n=72) -> COLLAPSED
    +0.9..+1.0 ##################################################
[attn_raw] median cos -0.241  (null +0.856, n=72) -> SIMPLEX
    -1.0..-0.9 #########################
    -0.9..-0.8 #############################################
    -0.8..-0.7 #########################
    -0.7..-0.6 ##########
    -0.6..-0.5 ###############
    -0.5..-0.4 ####################
    -0.4..-0.3 #########################
    -0.3..-0.2 ###################################
    -0.2..-0.1 ###############
    -0.1..+0.0 #############################################
    +0.0..+0.1 ###################################
    +0.1..+0.2 ##################################################
    +0.2..+0.3 ##########
    +0.3..+0.4 #####
[   resid] median cos -0.229  (null +0.869, n=72) -> SIMPLEX
    -1.0..-0.9 ##################################################
    -0.9..-0.8 ##############################
    -0.8..-0.7 ##########
    -0.7..-0.6 ##########
    -0.6..-0.5 ###############
    -0.5..-0.4 #####
    -0.4..-0.3 ########################################
    -0.3..-0.2 ########################################
    -0.2..-0.1 ###################################
    -0.1..+0.0 #############################################
    +0.0..+0.1 #########################
    +0.1..+0.2 ###################################
    +0.2..+0.3 ###############
    +0.3..+0.4 #####
weighted cross-word interference (resid): 0.4166  (pair mass covered 1.00)
same-word rank-pair mean cos: {'r1-r2': -0.167, 'r1-r3': -0.515, 'r1-r4': -0.588, 'r2-r3': -0.384, 'r2-r4': -0.345, 'r3-r4': 0.068}
split-half reliability by rank: {'r1': 0.991, 'r2': 0.985, 'r3': 0.965, 'r4': 0.975}
