== d=64 gamma=4.0 seed=1 V=430 train=17280 test=1920
  step     0  loss 6.0632
  step   500  loss 1.0345
  step  1000  loss 0.9182
  step  1500  loss 0.9329
  step  2000  loss 0.9295
  step  2499  loss 0.9018
cont acc 0.677  (47s)
[     emb] median cos +1.000  (null +1.000, n=72) -> COLLAPSED
    +0.9..+1.0 ##################################################
[attn_raw] median cos -0.379  (null +0.608, n=72) -> SIMPLEX
    -1.0..-0.9 ##################################################
    -0.9..-0.8 #############################
    -0.8..-0.7 ########
    -0.7..-0.6 ################
    -0.6..-0.5 ################
    -0.5..-0.4 ####################
    -0.4..-0.3 #############################
    -0.3..-0.2 ####
    -0.2..-0.1 #########################
    -0.1..+0.0 ############
    +0.0..+0.1 ################
    +0.1..+0.2 ################
    +0.2..+0.3 ############
    +0.3..+0.4 ####
    +0.5..+0.6 ########
    +0.7..+0.8 ############
    +0.8..+0.9 ########
    +0.9..+1.0 ########
[   resid] median cos -0.407  (null +0.666, n=72) -> SIMPLEX
    -1.0..-0.9 ##################################################
    -0.9..-0.8 ##############################
    -0.8..-0.7 ###########
    -0.7..-0.6 ###############
    -0.6..-0.5 #######
    -0.5..-0.4 #######################
    -0.4..-0.3 ##########################
    -0.3..-0.2 ###############
    -0.2..-0.1 #######
    -0.1..+0.0 ###########
    +0.0..+0.1 ###
    +0.1..+0.2 ###########
    +0.2..+0.3 ###
    +0.3..+0.4 ###########
    +0.4..+0.5 #######
    +0.5..+0.6 #######
    +0.6..+0.7 ###
    +0.7..+0.8 #######
    +0.8..+0.9 ###############
    +0.9..+1.0 ###
weighted cross-word interference (resid): 0.4299  (pair mass covered 1.00)
same-word rank-pair mean cos: {'r1-r2': -0.644, 'r1-r3': -0.659, 'r1-r4': 0.196, 'r2-r3': 0.229, 'r2-r4': -0.634, 'r3-r4': -0.28}
split-half reliability by rank: {'r1': 0.976, 'r2': 0.745, 'r3': 0.832, 'r4': 0.386}
