== d=64 gamma=2.0 seed=0 V=430 train=17280 test=1920
  step     0  loss 6.0648
  step   500  loss 0.7689
  step  1000  loss 0.2646
  step  1500  loss 0.2710
  step  2000  loss 0.2860
  step  2499  loss 0.2895
cont acc 0.894  (43s)
[     emb] median cos +1.000  (null +1.000, n=72) -> COLLAPSED
    +0.9..+1.0 ##################################################
[attn_raw] median cos -0.198  (null +0.919, n=72) -> SIMPLEX
    -1.0..-0.9 ##################################################
    -0.9..-0.8 ##########
    -0.8..-0.7 #######
    -0.7..-0.6 ##########
    -0.6..-0.5 ###
    -0.5..-0.4 ##########
    -0.4..-0.3 ##############
    -0.3..-0.2 #################
    -0.2..-0.1 ############################
    -0.1..+0.0 ##########################################
    +0.0..+0.1 ############################
    +0.1..+0.2 ##########
    +0.2..+0.3 ##############
    +0.4..+0.5 #######
[   resid] median cos -0.201  (null +0.889, n=72) -> SIMPLEX
    -1.0..-0.9 ##################################################
    -0.9..-0.8 ###########
    -0.8..-0.7 ###########
    -0.7..-0.6 ###
    -0.6..-0.5 ###
    -0.5..-0.4 ###########
    -0.4..-0.3 ##############################
    -0.3..-0.2 ###############
    -0.2..-0.1 ##################################
    -0.1..+0.0 ##########################################
    +0.0..+0.1 #######################
    +0.1..+0.2 ##########################
    +0.2..+0.3 #######
    +0.4..+0.5 ###
weighted cross-word interference (resid): 0.3858  (pair mass covered 1.00)
same-word rank-pair mean cos: {'r1-r2': -0.133, 'r1-r3': -0.408, 'r1-r4': -0.549, 'r2-r3': -0.429, 'r2-r4': -0.439, 'r3-r4': 0.022}
split-half reliability by rank: {'r1': 0.993, 'r2': 0.974, 'r3': 0.973, 'r4': 0.981}
