== d=64 gamma=1.0 seed=3 V=430 train=17280 test=1920
  step     0  loss 6.0631
  step   500  loss 0.6164
  step  1000  loss 0.2530
  step  1500  loss 0.2366
  step  2000  loss 0.1631
  step  2499  loss 0.1552
cont acc 0.909  (43s)
[     emb] median cos +1.000  (null +1.000, n=72) -> COLLAPSED
    +0.9..+1.0 ##################################################
[attn_raw] median cos -0.285  (null +0.901, n=72) -> SIMPLEX
    -1.0..-0.9 #######################
    -0.9..-0.8 ###################
    -0.8..-0.7 ###########
    -0.7..-0.6 #######
    -0.6..-0.5 ###########
    -0.5..-0.4 ##################################
    -0.4..-0.3 ###################
    -0.3..-0.2 ##########################################
    -0.2..-0.1 ##################################################
    -0.1..+0.0 ###################
    +0.0..+0.1 #######
    +0.1..+0.2 ###########
    +0.2..+0.3 #######
    +0.3..+0.4 ###########
[   resid] median cos -0.261  (null +0.918, n=72) -> SIMPLEX
    -1.0..-0.9 ###############################
    -0.9..-0.8 ###############################
    -0.8..-0.7 #########
    -0.7..-0.6 ####
    -0.6..-0.5 ###############################
    -0.5..-0.4 #############
    -0.4..-0.3 ######################
    -0.3..-0.2 ####################################
    -0.2..-0.1 ##################################################
    -0.1..+0.0 ########################################
    +0.0..+0.1 ##################
    +0.1..+0.2 #########
    +0.2..+0.3 #############
    +0.3..+0.4 #########
    +0.4..+0.5 ####
weighted cross-word interference (resid): 0.3923  (pair mass covered 1.00)
same-word rank-pair mean cos: {'r1-r2': -0.192, 'r1-r3': -0.467, 'r1-r4': -0.549, 'r2-r3': -0.444, 'r2-r4': -0.382, 'r3-r4': 0.078}
split-half reliability by rank: {'r1': 0.996, 'r2': 0.988, 'r3': 0.948, 'r4': 0.984}
