== d=64 gamma=1.5 seed=0 V=430 train=17280 test=1920
  step     0  loss 6.0648
  step   500  loss 0.7214
  step  1000  loss 0.2349
  step  1500  loss 0.2070
  step  2000  loss 0.2245
  step  2499  loss 0.1972
cont acc 0.910  (43s)
[     emb] median cos +1.000  (null +1.000, n=72) -> COLLAPSED
    +0.9..+1.0 ##################################################
[attn_raw] median cos -0.335  (null +0.929, n=72) -> SIMPLEX
    -0.8..-0.7 ##########################
    -0.7..-0.6 #############
    -0.6..-0.5 ####################################
    -0.5..-0.4 ##########################
    -0.4..-0.3 #######################
    -0.3..-0.2 ##########
    -0.2..-0.1 ##############################
    -0.1..+0.0 ##################################################
    +0.0..+0.1 ################
    +0.1..+0.2 ######
[   resid] median cos -0.323  (null +0.873, n=72) -> SIMPLEX
    -0.9..-0.8 ####
    -0.8..-0.7 ####################
    -0.7..-0.6 ####################
    -0.6..-0.5 #############################
    -0.5..-0.4 #########################
    -0.4..-0.3 ##################################################
    -0.3..-0.2 #############################################
    -0.2..-0.1 ##################################################
    -0.1..+0.0 #################################
    +0.0..+0.1 ####################
weighted cross-word interference (resid): 0.3565  (pair mass covered 1.00)
same-word rank-pair mean cos: {'r1-r2': -0.154, 'r1-r3': -0.333, 'r1-r4': -0.558, 'r2-r3': -0.453, 'r2-r4': -0.364, 'r3-r4': -0.098}
split-half reliability by rank: {'r1': 0.995, 'r2': 0.984, 'r3': 0.978, 'r4': 0.986}
