== d=64 gamma=1.5 seed=4 V=430 train=17280 test=1920
  step     0  loss 6.0629
  step   500  loss 0.6723
  step  1000  loss 0.2479
  step  1500  loss 0.1731
  step  2000  loss 0.1814
  step  2499  loss 0.1985
cont acc 0.901  (43s)
[     emb] median cos +1.000  (null +1.000, n=72) -> COLLAPSED
    +0.9..+1.0 ##################################################
[attn_raw] median cos -0.297  (null +0.850, n=72) -> SIMPLEX
    -1.0..-0.9 #####
    -0.9..-0.8 ##############################
    -0.8..-0.7 ####################
    -0.7..-0.6 ########################################
    -0.6..-0.5 ###############
    -0.5..-0.4 ####################
    -0.4..-0.3 #############################################
    -0.3..-0.2 ########################################
    -0.2..-0.1 ##############################
    -0.1..+0.0 #########################
    +0.0..+0.1 ##################################################
    +0.1..+0.2 #########################
    +0.2..+0.3 #####
    +0.3..+0.4 ##########
[   resid] median cos -0.314  (null +0.875, n=72) -> SIMPLEX
    -1.0..-0.9 #######################
    -0.9..-0.8 #######
    -0.7..-0.6 ###########
    -0.6..-0.5 #######
    -0.5..-0.4 ######################################
    -0.4..-0.3 ##################################################
    -0.3..-0.2 ##############################################
    -0.2..-0.1 ##########################
    -0.1..+0.0 ##########################################
    +0.0..+0.1 #######
    +0.1..+0.2 ###########
    +0.2..+0.3 ###
weighted cross-word interference (resid): 0.3541  (pair mass covered 1.00)
same-word rank-pair mean cos: {'r1-r2': -0.276, 'r1-r3': -0.317, 'r1-r4': -0.587, 'r2-r3': -0.528, 'r2-r4': -0.149, 'r3-r4': -0.08}
split-half reliability by rank: {'r1': 0.996, 'r2': 0.99, 'r3': 0.97, 'r4': 0.986}
