== d=64 gamma=3.0 seed=1 V=430 train=17280 test=1920
  step     0  loss 6.0632
  step   500  loss 0.8744
  step  1000  loss 0.4306
  step  1500  loss 0.3683
  step  2000  loss 0.4452
  step  2499  loss 0.3549
cont acc 0.874  (43s)
[     emb] median cos +1.000  (null +1.000, n=72) -> COLLAPSED
    +0.9..+1.0 ##################################################
[attn_raw] median cos -0.206  (null +0.839, n=72) -> SIMPLEX
    -1.0..-0.9 ##################################################
    -0.9..-0.8 #######
    -0.5..-0.4 ##
    -0.4..-0.3 #########
    -0.3..-0.2 ################
    -0.2..-0.1 ##############
    -0.1..+0.0 ###################
    +0.0..+0.1 #########
    +0.1..+0.2 #######################
    +0.2..+0.3 #######
    +0.3..+0.4 #########
    +0.4..+0.5 ##
[   resid] median cos -0.138  (null +0.886, n=72) -> ORTHOGONAL
    -1.0..-0.9 ##################################################
    -0.9..-0.8 #######
    -0.4..-0.3 #########
    -0.3..-0.2 #########
    -0.2..-0.1 ################
    -0.1..+0.0 ##########################
    +0.0..+0.1 ##########################
    +0.1..+0.2 #########
    +0.2..+0.3 #######
    +0.3..+0.4 #######
    +0.4..+0.5 ##
weighted cross-word interference (resid): 0.3379  (pair mass covered 1.00)
same-word rank-pair mean cos: {'r1-r2': -0.092, 'r1-r3': -0.699, 'r1-r4': -0.426, 'r2-r3': -0.276, 'r2-r4': -0.62, 'r3-r4': 0.153}
split-half reliability by rank: {'r1': 0.988, 'r2': 0.954, 'r3': 0.976, 'r4': 0.931}
