== d=64 gamma=4.0 seed=3 V=430 train=17280 test=1920
  step     0  loss 6.0631
  step   500  loss 0.8241
  step  1000  loss 0.5245
  step  1500  loss 0.5598
  step  2000  loss 0.4579
  step  2499  loss 0.5241
cont acc 0.838  (43s)
[     emb] median cos +1.000  (null +1.000, n=72) -> COLLAPSED
    +0.9..+1.0 ##################################################
[attn_raw] median cos -0.365  (null +0.847, n=72) -> SIMPLEX
    -1.0..-0.9 #################
    -0.9..-0.8 ###
    -0.8..-0.7 #################
    -0.7..-0.6 ###
    -0.6..-0.5 ###################################
    -0.5..-0.4 #########################
    -0.4..-0.3 ##################################################
    -0.3..-0.2 #########################
    -0.2..-0.1 #################
    -0.1..+0.0 ##########
    +0.0..+0.1 ##############
    +0.1..+0.2 ##############
    +0.3..+0.4 ##########
    +0.4..+0.5 #######
    +0.6..+0.7 ###
[   resid] median cos -0.321  (null +0.856, n=72) -> SIMPLEX
    -1.0..-0.9 ####################
    -0.9..-0.8 ####################
    -0.7..-0.6 ############
    -0.6..-0.5 ####################
    -0.5..-0.4 #########################################
    -0.4..-0.3 ##################################################
    -0.3..-0.2 ##################################################
    -0.2..-0.1 ################
    -0.1..+0.0 ############
    +0.0..+0.1 ################
    +0.1..+0.2 ####
    +0.2..+0.3 ############
    +0.3..+0.4 ############
    +0.4..+0.5 ########
weighted cross-word interference (resid): 0.3949  (pair mass covered 1.00)
same-word rank-pair mean cos: {'r1-r2': -0.469, 'r1-r3': -0.221, 'r1-r4': -0.538, 'r2-r3': -0.512, 'r2-r4': -0.009, 'r3-r4': -0.158}
split-half reliability by rank: {'r1': 0.991, 'r2': 0.972, 'r3': 0.912, 'r4': 0.953}
