== d=64 gamma=1.0 seed=2 V=430 train=17280 test=1920
  step     0  loss 6.0630
  step   500  loss 0.5833
  step  1000  loss 0.2794
  step  1500  loss 0.2007
  step  2000  loss 0.1945
  step  2499  loss 0.1885
cont acc 0.914  (43s)
[     emb] median cos +1.000  (null +1.000, n=72) -> COLLAPSED
    +0.9..+1.0 ##################################################
[attn_raw] median cos -0.377  (null +0.928, n=72) -> SIMPLEX
    -0.9..-0.8 #######
    -0.8..-0.7 #######
    -0.7..-0.6 ##################################################
    -0.6..-0.5 ##################################
    -0.5..-0.4 ##################################
    -0.4..-0.3 ###############
    -0.3..-0.2 ##################################
    -0.2..-0.1 ###################
    -0.1..+0.0 ###############
    +0.0..+0.1 ##########################
    +0.1..+0.2 ###################
    +0.2..+0.3 #######
    +0.3..+0.4 ###
[   resid] median cos -0.345  (null +0.880, n=72) -> SIMPLEX
    -0.8..-0.7 ###############
    -0.7..-0.6 ###############
    -0.6..-0.5 ######################################
    -0.5..-0.4 ##############################################
    -0.4..-0.3 ##################################################
    -0.3..-0.2 ######################################
    -0.2..-0.1 ###################
    -0.1..+0.0 #######################
    +0.0..+0.1 ###############
    +0.1..+0.2 #######
    +0.2..+0.3 ###
    +0.3..+0.4 ###
weighted cross-word interference (resid): 0.3936  (pair mass covered 1.00)
same-word rank-pair mean cos: {'r1-r2': -0.224, 'r1-r3': -0.42, 'r1-r4': -0.536, 'r2-r3': -0.45, 'r2-r4': -0.308, 'r3-r4': -0.022}
split-half reliability by rank: {'r1': 0.996, 'r2': 0.985, 'r3': 0.985, 'r4': 0.957}
