== d=64 gamma=0.0 seed=2 V=430 train=17280 test=1920
  step     0  loss 6.0630
  step   500  loss 0.4620
  step  1000  loss 0.2589
  step  1500  loss 0.1233
  step  2000  loss 0.1561
  step  2499  loss 0.1017
cont acc 0.926  (43s)
[     emb] median cos +1.000  (null +1.000, n=72) -> COLLAPSED
    +0.9..+1.0 ##################################################
[attn_raw] median cos -0.311  (null +0.915, n=72) -> SIMPLEX
    -0.9..-0.8 ###############
    -0.8..-0.7 #########################
    -0.7..-0.6 ########################################
    -0.6..-0.5 ##################################################
    -0.5..-0.4 ####################
    -0.4..-0.3 ########################################
    -0.3..-0.2 #########################
    -0.2..-0.1 ########################################
    -0.1..+0.0 ########################################
    +0.0..+0.1 ###################################
    +0.1..+0.2 ####################
    +0.2..+0.3 ##########
[   resid] median cos -0.357  (null +0.872, n=72) -> SIMPLEX
    -0.9..-0.8 #########
    -0.8..-0.7 #########
    -0.7..-0.6 ####################################
    -0.6..-0.5 ########################################
    -0.5..-0.4 #############################################
    -0.4..-0.3 ########################################
    -0.3..-0.2 ##################################################
    -0.2..-0.1 ###########################
    -0.1..+0.0 ##################
    +0.0..+0.1 ######################
    +0.1..+0.2 ##################
    +0.2..+0.3 #########
weighted cross-word interference (resid): 0.3614  (pair mass covered 1.00)
same-word rank-pair mean cos: {'r1-r2': -0.272, 'r1-r3': -0.353, 'r1-r4': -0.544, 'r2-r3': -0.518, 'r2-r4': -0.288, 'r3-r4': 0.023}
split-half reliability by rank: {'r1': 0.994, 'r2': 0.986, 'r3': 0.979, 'r4': 0.956}
