== d=64 gamma=1.5 seed=2 V=430 train=17280 test=1920
  step     0  loss 6.0630
  step   500  loss 0.6332
  step  1000  loss 0.3149
  step  1500  loss 0.2576
  step  2000  loss 0.2214
  step  2499  loss 0.2310
cont acc 0.912  (43s)
[     emb] median cos +1.000  (null +1.000, n=72) -> COLLAPSED
    +0.9..+1.0 ##################################################
[attn_raw] median cos -0.412  (null +0.929, n=72) -> SIMPLEX
    -0.9..-0.8 ############
    -0.8..-0.7 ################
    -0.7..-0.6 ##################################################
    -0.6..-0.5 #########################################
    -0.5..-0.4 #################################
    -0.4..-0.3 ################
    -0.3..-0.2 ####################
    -0.2..-0.1 #########################
    -0.1..+0.0 ########
    +0.0..+0.1 #########################
    +0.1..+0.2 ####################
    +0.2..+0.3 ################
    +0.3..+0.4 ########
    +0.4..+0.5 ####
[   resid] median cos -0.341  (null +0.903, n=72) -> SIMPLEX
    -0.9..-0.8 ##########
    -0.8..-0.7 ##################################################
    -0.7..-0.6 ##############################
    -0.6..-0.5 #############################################
    -0.5..-0.4 ##############################
    -0.4..-0.3 #########################
    -0.3..-0.2 #############################################
    -0.2..-0.1 #########################
    -0.1..+0.0 ###################################
    +0.0..+0.1 ###############
    +0.1..+0.2 ########################################
    +0.2..+0.3 #####
    +0.3..+0.4 #####
weighted cross-word interference (resid): 0.4200  (pair mass covered 1.00)
same-word rank-pair mean cos: {'r1-r2': -0.074, 'r1-r3': -0.491, 'r1-r4': -0.607, 'r2-r3': -0.522, 'r2-r4': -0.347, 'r3-r4': 0.085}
split-half reliability by rank: {'r1': 0.994, 'r2': 0.984, 'r3': 0.984, 'r4': 0.96}
