== d=64 gamma=2.0 seed=4 V=430 train=17280 test=1920
  step     0  loss 6.0629
  step   500  loss 0.7015
  step  1000  loss 0.2691
  step  1500  loss 0.1849
  step  2000  loss 0.1740
  step  2499  loss 0.2231
cont acc 0.898  (43s)
[     emb] median cos +1.000  (null +1.000, n=72) -> COLLAPSED
    +0.9..+1.0 ##################################################
[attn_raw] median cos -0.364  (null +0.880, n=72) -> SIMPLEX
    -0.8..-0.7 #######
    -0.7..-0.6 ################################
    -0.6..-0.5 #####################
    -0.5..-0.4 ##################################################
    -0.4..-0.3 ################################
    -0.3..-0.2 #################
    -0.2..-0.1 #######################################
    -0.1..+0.0 #####################
    +0.0..+0.1 #####################
    +0.1..+0.2 ##########
    +0.2..+0.3 ###
[   resid] median cos -0.335  (null +0.873, n=72) -> SIMPLEX
    -0.7..-0.6 ##########
    -0.6..-0.5 ######################
    -0.5..-0.4 #########################
    -0.4..-0.3 ##################################################
    -0.3..-0.2 ###################################
    -0.2..-0.1 ###############
    -0.1..+0.0 #################
    +0.0..+0.1 ##
    +0.1..+0.2 ##
weighted cross-word interference (resid): 0.3558  (pair mass covered 1.00)
same-word rank-pair mean cos: {'r1-r2': -0.324, 'r1-r3': -0.383, 'r1-r4': -0.471, 'r2-r3': -0.33, 'r2-r4': -0.277, 'r3-r4': -0.158}
split-half reliability by rank: {'r1': 0.994, 'r2': 0.988, 'r3': 0.984, 'r4': 0.985}
