== d=64 gamma=0.0 seed=1 V=430 train=17280 test=1920
  step     0  loss 6.0632
  step   500  loss 0.5597
  step  1000  loss 0.1294
  step  1500  loss 0.1081
  step  2000  loss 0.1069
  step  2499  loss 0.1055
cont acc 0.898  (43s)
[     emb] median cos +1.000  (null +1.000, n=72) -> COLLAPSED
    +0.9..+1.0 ##################################################
[attn_raw] median cos -0.383  (null +0.911, n=72) -> SIMPLEX
    -0.9..-0.8 ###########
    -0.8..-0.7 ###################
    -0.7..-0.6 #######
    -0.6..-0.5 ######################################
    -0.5..-0.4 ##################################################
    -0.4..-0.3 ##################################
    -0.3..-0.2 #######################
    -0.2..-0.1 ###################
    -0.1..+0.0 ##########################
    +0.0..+0.1 ######################################
    +0.1..+0.2 #######
[   resid] median cos -0.346  (null +0.839, n=72) -> SIMPLEX
    -0.8..-0.7 ###############
    -0.7..-0.6 ###############
    -0.6..-0.5 ##################
    -0.5..-0.4 ##################################
    -0.4..-0.3 ##################################################
    -0.3..-0.2 ############################
    -0.2..-0.1 ###############################
    -0.1..+0.0 ######
    +0.0..+0.1 ######
    +0.1..+0.2 ######
    +0.2..+0.3 ###
    +0.3..+0.4 ######
    +0.4..+0.5 ###
weighted cross-word interference (resid): 0.3171  (pair mass covered 1.00)
same-word rank-pair mean cos: {'r1-r2': -0.256, 'r1-r3': -0.455, 'r1-r4': -0.344, 'r2-r3': -0.408, 'r2-r4': -0.563, 'r3-r4': 0.094}
split-half reliability by rank: {'r1': 0.993, 'r2': 0.987, 'r3': 0.981, 'r4': 0.957}
