== d=64 gamma=0.0 lam=1.0 seed=4 V=430 train=17280 test=1920
  step     0  loss 6.0781
  step   500  loss 0.1863
  step  1000  loss 0.1520
  step  1500  loss 0.0757
  step  2000  loss 0.0508
  step  2499  loss 0.1146
cont acc 0.909  (48s)
[     emb] median cos +1.000  (null +1.000, n=72) -> COLLAPSED
    +0.9..+1.0 ##################################################
[attn_raw] median cos -0.391  (null +0.834, n=72) -> SIMPLEX
    -0.8..-0.7 ######
    -0.7..-0.6 ####################
    -0.6..-0.5 ########################################
    -0.5..-0.4 ##################################################
    -0.4..-0.3 ################
    -0.3..-0.2 ##############################
    -0.2..-0.1 ###########################################
    -0.1..+0.0 ##########
    +0.0..+0.1 ####################
    +0.1..+0.2 ###
[   resid] median cos -0.382  (null +0.707, n=72) -> SIMPLEX
    -0.6..-0.5 ################
    -0.5..-0.4 ##################################################
    -0.4..-0.3 ##################################################
    -0.3..-0.2 ##############
    -0.2..-0.1 #######################
    -0.1..+0.0 #######
    +0.0..+0.1 #######
    +0.1..+0.2 ##
weighted cross-word interference (resid): 0.2324  (pair mass covered 1.00)
same-word rank-pair mean cos: {'r1-r2': -0.373, 'r1-r3': -0.078, 'r1-r4': -0.335, 'r2-r3': -0.418, 'r2-r4': -0.404, 'r3-r4': -0.334}
split-half reliability by rank: {'r1': 0.974, 'r2': 0.98, 'r3': 0.942, 'r4': 0.956}
