== d=64 gamma=0.0 lam=0.3 seed=0 V=430 train=17280 test=1920
  step     0  loss 6.0701
  step   500  loss 0.2507
  step  1000  loss 0.1107
  step  1500  loss 0.1068
  step  2000  loss 0.1118
  step  2499  loss 0.1231
cont acc 0.921  (48s)
[     emb] median cos +1.000  (null +1.000, n=72) -> COLLAPSED
    +0.9..+1.0 ##################################################
[attn_raw] median cos -0.317  (null +0.868, n=72) -> SIMPLEX
    -0.7..-0.6 ###########
    -0.6..-0.5 #######################
    -0.5..-0.4 ###################################
    -0.4..-0.3 ############################################
    -0.3..-0.2 ##################################################
    -0.2..-0.1 ######################################
    -0.1..+0.0 #####
    +0.1..+0.2 ##
[   resid] median cos -0.325  (null +0.733, n=72) -> SIMPLEX
    -0.7..-0.6 #####
    -0.6..-0.5 ##################
    -0.5..-0.4 ##################################################
    -0.4..-0.3 #######################################
    -0.3..-0.2 ##################################
    -0.2..-0.1 ##########################
    -0.1..+0.0 ##########
    +0.0..+0.1 ##
    +0.1..+0.2 ##
weighted cross-word interference (resid): 0.2604  (pair mass covered 1.00)
same-word rank-pair mean cos: {'r1-r2': -0.403, 'r1-r3': -0.342, 'r1-r4': -0.139, 'r2-r3': -0.276, 'r2-r4': -0.403, 'r3-r4': -0.419}
split-half reliability by rank: {'r1': 0.989, 'r2': 0.977, 'r3': 0.958, 'r4': 0.956}
