== d=64 gamma=0.0 lam=1.0 seed=3 V=430 train=17280 test=1920
  step     0  loss 6.0749
  step   500  loss 0.2052
  step  1000  loss 0.1174
  step  1500  loss 0.1407
  step  2000  loss 0.0819
  step  2499  loss 0.0584
cont acc 0.908  (48s)
[     emb] median cos +1.000  (null +1.000, n=72) -> COLLAPSED
    +0.9..+1.0 ##################################################
[attn_raw] median cos -0.332  (null +0.808, n=72) -> SIMPLEX
    -0.8..-0.7 ################
    -0.7..-0.6 #########################
    -0.6..-0.5 #########################
    -0.5..-0.4 ##################################################
    -0.4..-0.3 ##################################################
    -0.3..-0.2 #############################################
    -0.2..-0.1 ##################################################
    -0.1..+0.0 ####################
    +0.1..+0.2 ################
[   resid] median cos -0.320  (null +0.757, n=72) -> SIMPLEX
    -0.8..-0.7 ##
    -0.7..-0.6 ##
    -0.6..-0.5 ###################
    -0.5..-0.4 #########################################
    -0.4..-0.3 ###############################################
    -0.3..-0.2 ##################################################
    -0.2..-0.1 #########################
    -0.1..+0.0 #####
    +0.0..+0.1 ##
    +0.1..+0.2 ##
weighted cross-word interference (resid): 0.2586  (pair mass covered 1.00)
same-word rank-pair mean cos: {'r1-r2': -0.321, 'r1-r3': -0.242, 'r1-r4': -0.298, 'r2-r3': -0.451, 'r2-r4': -0.389, 'r3-r4': -0.257}
split-half reliability by rank: {'r1': 0.976, 'r2': 0.963, 'r3': 0.943, 'r4': 0.943}
