== d=64 gamma=0.0 lam=1.0 seed=1 V=430 train=17280 test=1920
  step     0  loss 6.0774
  step   500  loss 0.1856
  step  1000  loss 0.1240
  step  1500  loss 0.1089
  step  2000  loss 0.0819
  step  2499  loss 0.0709
cont acc 0.898  (52s)
[     emb] median cos +1.000  (null +1.000, n=72) -> COLLAPSED
    +0.9..+1.0 ##################################################
[attn_raw] median cos -0.369  (null +0.841, n=72) -> SIMPLEX
    -0.7..-0.6 ##
    -0.6..-0.5 ################################
    -0.5..-0.4 ##################################################
    -0.4..-0.3 ############################################
    -0.3..-0.2 #############################
    -0.2..-0.1 ###################################
    -0.1..+0.0 #####
    +0.0..+0.1 ###########
[   resid] median cos -0.312  (null +0.718, n=72) -> SIMPLEX
    -0.7..-0.6 ##
    -0.6..-0.5 #################
    -0.5..-0.4 #####################################
    -0.4..-0.3 #############################################
    -0.3..-0.2 ##################################################
    -0.2..-0.1 ####################
    -0.1..+0.0 #####
    +0.0..+0.1 ##
weighted cross-word interference (resid): 0.2458  (pair mass covered 1.00)
same-word rank-pair mean cos: {'r1-r2': -0.313, 'r1-r3': -0.274, 'r1-r4': -0.268, 'r2-r3': -0.368, 'r2-r4': -0.428, 'r3-r4': -0.313}
split-half reliability by rank: {'r1': 0.976, 'r2': 0.966, 'r3': 0.97, 'r4': 0.923}
