== d=64 gamma=0.0 lam=10.0 seed=1 V=430 train=17280 test=1920
  step     0  loss 6.2046
  step   500  loss 0.3098
  step  1000  loss 0.1212
  step  1500  loss 0.0953
  step  2000  loss 0.1110
  step  2499  loss 0.0817
cont acc 0.893  (46s)
[     emb] median cos +1.000  (null +1.000, n=72) -> COLLAPSED
    +0.9..+1.0 ##################################################
[attn_raw] median cos -0.473  (null +0.884, n=72) -> SIMPLEX
    -0.8..-0.7 #####
    -0.7..-0.6 ##################################################
    -0.6..-0.5 ###############################
    -0.5..-0.4 #####################
    -0.4..-0.3 #######
    -0.3..-0.2 ##########
    -0.2..-0.1 #######
    -0.1..+0.0 #######
    +0.0..+0.1 ###############
    +0.1..+0.2 ###############
    +0.2..+0.3 #######
    +0.3..+0.4 #####
    +0.4..+0.5 ##
[   resid] median cos -0.466  (null +0.813, n=72) -> SIMPLEX
    -0.8..-0.7 ###########
    -0.7..-0.6 ##############################
    -0.6..-0.5 ##################################################
    -0.5..-0.4 ###################
    -0.4..-0.3 ###########
    -0.3..-0.2 #############
    -0.2..-0.1 #############
    +0.0..+0.1 ################
    +0.1..+0.2 ###################
    +0.2..+0.3 #############
weighted cross-word interference (resid): 0.2978  (pair mass covered 1.00)
same-word rank-pair mean cos: {'r1-r2': 0.128, 'r1-r3': -0.473, 'r1-r4': -0.603, 'r2-r3': -0.505, 'r2-r4': -0.523, 'r3-r4': 0.003}
split-half reliability by rank: {'r1': 0.973, 'r2': 0.942, 'r3': 0.94, 'r4': 0.895}
