== d=64 gamma=0.0 lam=0.3 seed=3 V=430 train=17280 test=1920
  step     0  loss 6.0666
  step   500  loss 0.2570
  step  1000  loss 0.1333
  step  1500  loss 0.1225
  step  2000  loss 0.0777
  step  2499  loss 0.0640
cont acc 0.912  (46s)
[     emb] median cos +1.000  (null +1.000, n=72) -> COLLAPSED
    +0.9..+1.0 ##################################################
[attn_raw] median cos -0.329  (null +0.885, n=72) -> SIMPLEX
    -0.8..-0.7 #########
    -0.7..-0.6 ###############
    -0.6..-0.5 #####################
    -0.5..-0.4 #####################################
    -0.4..-0.3 ##################################################
    -0.3..-0.2 ##################################
    -0.2..-0.1 ##################
    -0.1..+0.0 #########################
    +0.0..+0.1 ######
    +0.2..+0.3 ######
[   resid] median cos -0.357  (null +0.781, n=72) -> SIMPLEX
    -0.8..-0.7 #
    -0.7..-0.6 #
    -0.6..-0.5 ######
    -0.5..-0.4 ############
    -0.4..-0.3 ##################################################
    -0.3..-0.2 #########################
    -0.2..-0.1 #########
    -0.1..+0.0 ###
    +0.0..+0.1 #
    +0.1..+0.2 #
weighted cross-word interference (resid): 0.2545  (pair mass covered 1.00)
same-word rank-pair mean cos: {'r1-r2': -0.35, 'r1-r3': -0.289, 'r1-r4': -0.295, 'r2-r3': -0.363, 'r2-r4': -0.409, 'r3-r4': -0.268}
split-half reliability by rank: {'r1': 0.984, 'r2': 0.976, 'r3': 0.932, 'r4': 0.956}
