== d=64 gamma=0.0 lam=10.0 seed=3 V=430 train=17280 test=1920
  step     0  loss 6.1818
  step   500  loss 0.2914
  step  1000  loss 0.1389
  step  1500  loss 0.1296
  step  2000  loss 0.0841
  step  2499  loss 0.0836
cont acc 0.907  (46s)
[     emb] median cos +1.000  (null +1.000, n=72) -> COLLAPSED
    +0.9..+1.0 ##################################################
[attn_raw] median cos -0.384  (null +0.860, n=72) -> SIMPLEX
    -0.9..-0.8 ####
    -0.8..-0.7 ###############################
    -0.7..-0.6 ##################################################
    -0.6..-0.5 ####################################
    -0.5..-0.4 ###############################
    -0.4..-0.3 ##################################################
    -0.3..-0.2 ##################
    -0.2..-0.1 ####
    -0.1..+0.0 ###########################
    +0.0..+0.1 ###############################
    +0.1..+0.2 ######################
    +0.2..+0.3 #########
    +0.4..+0.5 ####
    +0.5..+0.6 ####
[   resid] median cos -0.444  (null +0.819, n=72) -> SIMPLEX
    -0.9..-0.8 ##
    -0.8..-0.7 #############
    -0.7..-0.6 #####
    -0.6..-0.5 ##################################################
    -0.5..-0.4 #########################################
    -0.4..-0.3 #####
    -0.3..-0.2 #############
    -0.2..-0.1 ##
    -0.1..+0.0 #########################
    +0.0..+0.1 ################
    +0.1..+0.2 ###########
    +0.2..+0.3 ########
    +0.3..+0.4 ##
weighted cross-word interference (resid): 0.2764  (pair mass covered 1.00)
same-word rank-pair mean cos: {'r1-r2': 0.061, 'r1-r3': -0.484, 'r1-r4': -0.471, 'r2-r3': -0.318, 'r2-r4': -0.565, 'r3-r4': -0.138}
split-half reliability by rank: {'r1': 0.98, 'r2': 0.921, 'r3': 0.902, 'r4': 0.926}
