== d=64 gamma=0.0 lam=0.3 seed=2 V=430 train=17280 test=1920
  step     0  loss 6.0671
  step   500  loss 0.2059
  step  1000  loss 0.1629
  step  1500  loss 0.0942
  step  2000  loss 0.1259
  step  2499  loss 0.0906
cont acc 0.915  (46s)
[     emb] median cos +1.000  (null +1.000, n=72) -> COLLAPSED
    +0.9..+1.0 ##################################################
[attn_raw] median cos -0.354  (null +0.892, n=72) -> SIMPLEX
    -0.8..-0.7 #######
    -0.7..-0.6 ##############
    -0.6..-0.5 ################################
    -0.5..-0.4 ##############################################
    -0.4..-0.3 ##################################################
    -0.3..-0.2 ###################################
    -0.2..-0.1 ###################################
    -0.1..+0.0 #####################
    +0.0..+0.1 ##############
[   resid] median cos -0.342  (null +0.781, n=72) -> SIMPLEX
    -0.7..-0.6 ########
    -0.6..-0.5 #################
    -0.5..-0.4 ###############################################
    -0.4..-0.3 ##################################################
    -0.3..-0.2 ############################################
    -0.2..-0.1 #############################
    -0.1..+0.0 ###########
    +0.1..+0.2 ##
weighted cross-word interference (resid): 0.2839  (pair mass covered 1.00)
same-word rank-pair mean cos: {'r1-r2': -0.317, 'r1-r3': -0.244, 'r1-r4': -0.366, 'r2-r3': -0.442, 'r2-r4': -0.348, 'r3-r4': -0.257}
split-half reliability by rank: {'r1': 0.989, 'r2': 0.984, 'r3': 0.976, 'r4': 0.936}
