== d=64 gamma=0.0 lam=3.0 seed=3 V=430 train=17280 test=1920
  step     0  loss 6.0987
  step   500  loss 0.2226
  step  1000  loss 0.1140
  step  1500  loss 0.1282
  step  2000  loss 0.0828
  step  2499  loss 0.0696
cont acc 0.907  (46s)
[     emb] median cos +1.000  (null +1.000, n=72) -> COLLAPSED
    +0.9..+1.0 ##################################################
[attn_raw] median cos -0.374  (null +0.755, n=72) -> SIMPLEX
    -0.7..-0.6 ##
    -0.6..-0.5 #######################
    -0.5..-0.4 ############################################
    -0.4..-0.3 ##################################################
    -0.3..-0.2 ############################
    -0.2..-0.1 #######################
    -0.1..+0.0 #######
    +0.0..+0.1 #####
    +0.1..+0.2 ##
[   resid] median cos -0.349  (null +0.760, n=72) -> SIMPLEX
    -0.7..-0.6 #######
    -0.6..-0.5 #######################
    -0.5..-0.4 ##################################################
    -0.4..-0.3 ###############################
    -0.3..-0.2 ############################
    -0.2..-0.1 #######################
    -0.1..+0.0 ##################
    +0.1..+0.2 #####
weighted cross-word interference (resid): 0.1624  (pair mass covered 1.00)
same-word rank-pair mean cos: {'r1-r2': -0.158, 'r1-r3': -0.458, 'r1-r4': -0.385, 'r2-r3': -0.413, 'r2-r4': -0.379, 'r3-r4': -0.178}
split-half reliability by rank: {'r1': 0.98, 'r2': 0.93, 'r3': 0.915, 'r4': 0.917}
