== d=64 gamma=0.0 lam=0.3 seed=4 V=430 train=17280 test=1920
  step     0  loss 6.0675
  step   500  loss 0.2451
  step  1000  loss 0.1628
  step  1500  loss 0.0867
  step  2000  loss 0.0478
  step  2499  loss 0.0790
cont acc 0.907  (46s)
[     emb] median cos +1.000  (null +1.000, n=72) -> COLLAPSED
    +0.9..+1.0 ##################################################
[attn_raw] median cos -0.358  (null +0.866, n=72) -> SIMPLEX
    -0.7..-0.6 ##
    -0.6..-0.5 ##############################
    -0.5..-0.4 ##################################################
    -0.4..-0.3 ######################################
    -0.3..-0.2 ###########################
    -0.2..-0.1 #########################
    -0.1..+0.0 #############
    +0.0..+0.1 ###########
[   resid] median cos -0.351  (null +0.766, n=72) -> SIMPLEX
    -0.7..-0.6 ##
    -0.6..-0.5 ###############
    -0.5..-0.4 ##################################################
    -0.4..-0.3 #####################################
    -0.3..-0.2 #####################################
    -0.2..-0.1 #################
    -0.1..+0.0 ###############
    +0.0..+0.1 ##
    +0.1..+0.2 ##
weighted cross-word interference (resid): 0.2475  (pair mass covered 1.00)
same-word rank-pair mean cos: {'r1-r2': -0.46, 'r1-r3': -0.189, 'r1-r4': -0.216, 'r2-r3': -0.408, 'r2-r4': -0.382, 'r3-r4': -0.28}
split-half reliability by rank: {'r1': 0.985, 'r2': 0.984, 'r3': 0.921, 'r4': 0.97}
