== d=64 gamma=0.0 lam=10.0 seed=2 V=430 train=17280 test=1920
  step     0  loss 6.2014
  step   500  loss 0.2484
  step  1000  loss 0.1484
  step  1500  loss 0.0785
  step  2000  loss 0.1235
  step  2499  loss 0.0975
cont acc 0.916  (46s)
[     emb] median cos +1.000  (null +1.000, n=72) -> COLLAPSED
    +0.9..+1.0 ##################################################
[attn_raw] median cos -0.508  (null +0.910, n=72) -> SIMPLEX
    -0.9..-0.8 ###########
    -0.8..-0.7 ##################################
    -0.7..-0.6 ##########################################
    -0.6..-0.5 ##################################################
    -0.5..-0.4 ##########################
    -0.4..-0.3 ###############
    -0.3..-0.2 ###
    -0.2..-0.1 #######
    -0.1..+0.0 ###
    +0.0..+0.1 #######
    +0.1..+0.2 ###################
    +0.2..+0.3 ###############
    +0.3..+0.4 #######################
    +0.4..+0.5 ###############
[   resid] median cos -0.352  (null +0.725, n=72) -> SIMPLEX
    -0.8..-0.7 #############
    -0.7..-0.6 ####################
    -0.6..-0.5 ##############################################
    -0.5..-0.4 ################
    -0.4..-0.3 ##################################################
    -0.3..-0.2 ####################
    -0.2..-0.1 ################
    -0.1..+0.0 #######################
    +0.0..+0.1 ################
    +0.1..+0.2 ##########
    +0.2..+0.3 ###
    +0.3..+0.4 ###
weighted cross-word interference (resid): 0.2991  (pair mass covered 1.00)
same-word rank-pair mean cos: {'r1-r2': 0.055, 'r1-r3': -0.351, 'r1-r4': -0.59, 'r2-r3': -0.489, 'r2-r4': -0.437, 'r3-r4': -0.14}
split-half reliability by rank: {'r1': 0.973, 'r2': 0.928, 'r3': 0.884, 'r4': 0.901}
