== d=64 gamma=0.0 lam=1.0 seed=2 V=430 train=17280 test=1920
  step     0  loss 6.0768
  step   500  loss 0.1778
  step  1000  loss 0.1504
  step  1500  loss 0.1007
  step  2000  loss 0.1179
  step  2499  loss 0.0770
cont acc 0.926  (49s)
[     emb] median cos +1.000  (null +1.000, n=72) -> COLLAPSED
    +0.9..+1.0 ##################################################
[attn_raw] median cos -0.302  (null +0.885, n=72) -> SIMPLEX
    -0.9..-0.8 ########
    -0.8..-0.7 ############
    -0.7..-0.6 #############################
    -0.6..-0.5 #############################
    -0.5..-0.4 #################################
    -0.4..-0.3 #####################################
    -0.3..-0.2 #############################################
    -0.2..-0.1 ##################################################
    -0.1..+0.0 #########################################
    +0.0..+0.1 ########
    +0.1..+0.2 ####
[   resid] median cos -0.339  (null +0.733, n=72) -> SIMPLEX
    -0.7..-0.6 ####
    -0.6..-0.5 ###############
    -0.5..-0.4 #########################
    -0.4..-0.3 #############################################
    -0.3..-0.2 ##################################################
    -0.2..-0.1 ###############
    -0.1..+0.0 ##
    +0.0..+0.1 ####
weighted cross-word interference (resid): 0.2515  (pair mass covered 1.00)
same-word rank-pair mean cos: {'r1-r2': -0.29, 'r1-r3': -0.264, 'r1-r4': -0.391, 'r2-r3': -0.428, 'r2-r4': -0.291, 'r3-r4': -0.305}
split-half reliability by rank: {'r1': 0.98, 'r2': 0.964, 'r3': 0.943, 'r4': 0.871}
