== d=64 gamma=0.0 lam=3.0 seed=2 V=430 train=17280 test=1920
  step     0  loss 6.1045
  step   500  loss 0.1761
  step  1000  loss 0.1389
  step  1500  loss 0.0811
  step  2000  loss 0.1098
  step  2499  loss 0.0681
cont acc 0.920  (46s)
[     emb] median cos +1.000  (null +1.000, n=72) -> COLLAPSED
    +0.9..+1.0 ##################################################
[attn_raw] median cos -0.333  (null +0.856, n=72) -> SIMPLEX
    -0.8..-0.7 ###########
    -0.7..-0.6 #######################
    -0.6..-0.5 ######################################
    -0.5..-0.4 ##################################################
    -0.4..-0.3 ##########################
    -0.3..-0.2 ##################################################
    -0.2..-0.1 ##########################
    -0.1..+0.0 ###################
    +0.0..+0.1 ###########
    +0.1..+0.2 ###########
    +0.2..+0.3 #######
[   resid] median cos -0.353  (null +0.759, n=72) -> SIMPLEX
    -0.8..-0.7 ##
    -0.6..-0.5 #################################
    -0.5..-0.4 ##################################################
    -0.4..-0.3 ####################################
    -0.3..-0.2 ####################################
    -0.2..-0.1 #############
    -0.1..+0.0 ###################
    +0.0..+0.1 #####
    +0.2..+0.3 ##
weighted cross-word interference (resid): 0.2693  (pair mass covered 1.00)
same-word rank-pair mean cos: {'r1-r2': -0.196, 'r1-r3': -0.327, 'r1-r4': -0.434, 'r2-r3': -0.464, 'r2-r4': -0.322, 'r3-r4': -0.235}
split-half reliability by rank: {'r1': 0.97, 'r2': 0.938, 'r3': 0.954, 'r4': 0.832}
