== d=64 gamma=0.0 lam=10.0 seed=4 V=430 train=17280 test=1920
  step     0  loss 6.2152
  step   500  loss 0.2994
  step  1000  loss 0.1731
  step  1500  loss 0.0781
  step  2000  loss 0.0584
  step  2499  loss 0.0994
cont acc 0.911  (46s)
[     emb] median cos +1.000  (null +1.000, n=72) -> COLLAPSED
    +0.9..+1.0 ##################################################
[attn_raw] median cos -0.322  (null +0.907, n=72) -> SIMPLEX
    -0.9..-0.8 ################
    -0.8..-0.7 ##########
    -0.7..-0.6 #############
    -0.6..-0.5 ####################
    -0.5..-0.4 ##################################################
    -0.4..-0.3 #############
    -0.3..-0.2 ##########################
    -0.2..-0.1 ##########################
    -0.1..+0.0 #######################
    +0.0..+0.1 ##########################
    +0.1..+0.2 ######
    +0.2..+0.3 ###
    +0.3..+0.4 ###
[   resid] median cos -0.354  (null +0.716, n=72) -> SIMPLEX
    -0.8..-0.7 ########
    -0.7..-0.6 #####################################
    -0.6..-0.5 #####################################
    -0.5..-0.4 #########################################
    -0.4..-0.3 ##################################################
    -0.3..-0.2 #####################################
    -0.2..-0.1 #########################
    -0.1..+0.0 ####################
    +0.0..+0.1 #############################
    +0.1..+0.2 ########
    +0.2..+0.3 ####
weighted cross-word interference (resid): 0.2585  (pair mass covered 1.00)
same-word rank-pair mean cos: {'r1-r2': -0.007, 'r1-r3': -0.224, 'r1-r4': -0.609, 'r2-r3': -0.417, 'r2-r4': -0.427, 'r3-r4': -0.243}
split-half reliability by rank: {'r1': 0.942, 'r2': 0.923, 'r3': 0.819, 'r4': 0.945}
