== d=64 gamma=0.0 lam=10.0 seed=0 V=430 train=17280 test=1920
  step     0  loss 6.2427
  step   500  loss 0.3233
  step  1000  loss 0.1152
  step  1500  loss 0.0978
  step  2000  loss 0.1032
  step  2499  loss 0.1029
cont acc 0.919  (47s)
[     emb] median cos +1.000  (null +1.000, n=72) -> COLLAPSED
    +0.9..+1.0 ##################################################
[attn_raw] median cos -0.386  (null +0.875, n=72) -> SIMPLEX
    -0.9..-0.8 ###
    -0.8..-0.7 #######################
    -0.7..-0.6 ##################################################
    -0.6..-0.5 ##########################
    -0.5..-0.4 ##############################
    -0.4..-0.3 ###################
    -0.3..-0.2 ###################
    -0.2..-0.1 #######################
    -0.1..+0.0 ###########
    +0.0..+0.1 ##############################
    +0.1..+0.2 ##############################
    +0.2..+0.3 #######
[   resid] median cos -0.341  (null +0.776, n=72) -> SIMPLEX
    -0.8..-0.7 ###########
    -0.7..-0.6 ##################################
    -0.6..-0.5 ##########################
    -0.5..-0.4 ##################################################
    -0.4..-0.3 ##############################
    -0.3..-0.2 ##############################
    -0.2..-0.1 ##################################
    -0.1..+0.0 ##########################
    +0.0..+0.1 ###########
    +0.1..+0.2 #######
    +0.2..+0.3 ###########
weighted cross-word interference (resid): 0.2742  (pair mass covered 1.00)
same-word rank-pair mean cos: {'r1-r2': 0.014, 'r1-r3': -0.305, 'r1-r4': -0.544, 'r2-r3': -0.297, 'r2-r4': -0.492, 'r3-r4': -0.293}
split-half reliability by rank: {'r1': 0.952, 'r2': 0.888, 'r3': 0.857, 'r4': 0.947}
