== d=64 gamma=0.0 lam=0.3 seed=1 V=430 train=17280 test=1920
  step     0  loss 6.0675
  step   500  loss 0.2775
  step  1000  loss 0.1385
  step  1500  loss 0.1265
  step  2000  loss 0.1011
  step  2499  loss 0.0959
cont acc 0.905  (46s)
[     emb] median cos +1.000  (null +1.000, n=72) -> COLLAPSED
    +0.9..+1.0 ##################################################
[attn_raw] median cos -0.366  (null +0.881, n=72) -> SIMPLEX
    -0.8..-0.7 ###
    -0.7..-0.6 ################
    -0.6..-0.5 ##############################
    -0.5..-0.4 ###########################################
    -0.4..-0.3 ##################################################
    -0.3..-0.2 #################################
    -0.2..-0.1 #######################
    -0.1..+0.0 ####################
    +0.0..+0.1 #############
    +0.1..+0.2 ######
[   resid] median cos -0.362  (null +0.767, n=72) -> SIMPLEX
    -0.7..-0.6 #######
    -0.6..-0.5 ##########
    -0.5..-0.4 ##################################################
    -0.4..-0.3 #######################################
    -0.3..-0.2 ####################################
    -0.2..-0.1 ##################################
    -0.1..+0.0 ##########
weighted cross-word interference (resid): 0.2414  (pair mass covered 1.00)
same-word rank-pair mean cos: {'r1-r2': -0.327, 'r1-r3': -0.307, 'r1-r4': -0.334, 'r2-r3': -0.307, 'r2-r4': -0.433, 'r3-r4': -0.256}
split-half reliability by rank: {'r1': 0.983, 'r2': 0.97, 'r3': 0.974, 'r4': 0.915}
