== nulls g=0.0 l=0.0 s=0
  senses 10000, complete words 1999

== RANDOM-INIT model (untrained, same seed)
  same-word median cos [raw     ] +0.953   rank pairs {'r1-r2': 0.966, 'r1-r3': 0.961, 'r1-r4': 0.955, 'r1-r5': 0.95, 'r2-r3': 0.957, 'r2-r4': 0.951, 'r2-r5': 0.945, 'r3-r4': 0.945, 'r3-r5': 0.94, 'r4-r5': 0.934}
  same-word median cos [global  ] +0.923   rank pairs {'r1-r2': 0.945, 'r1-r3': 0.936, 'r1-r4': 0.927, 'r1-r5': 0.919, 'r2-r3': 0.93, 'r2-r4': 0.92, 'r2-r5': 0.912, 'r3-r4': 0.912, 'r3-r5': 0.904, 'r4-r5': 0.894}
  same-word median cos [perword ] -0.249   rank pairs {'r1-r2': -0.102, 'r1-r3': -0.165, 'r1-r4': -0.222, 'r1-r5': -0.269, 'r2-r3': -0.201, 'r2-r4': -0.248, 'r2-r5': -0.286, 'r3-r4': -0.278, 'r3-r5': -0.31, 'r4-r5': -0.335}
  per-word base norm / sense-deviation norm = 4.90
  UNCENTERED sense centroids: PR 1077 (global mean removed), cross-word dev p50/p99.9/max 21.8/25.5/29.1
  WORD centroids (1999 words): PR 1013, cross-word |cos| median 0.387, p99.9 0.439
  cross-word dev (protocol centroids): p50 1.64  p99.9 16.6  max 38.2   PR 383
  isotropic prediction at d_eff=PR: p50 ~ 1.98
  null A, isotropic R^d:         p50 0.60  p99.9 2.95
  null B, spectrum-matched Gaussian (word structure kept): p50 1.71  p99.9 11.9  max 27.3
  shared-cue pairs: med 17.2  p90 25.9  P(>21°) 0.306  n 94,233   | disjoint: med 1.64  P(>21°) 0.0000
  shared-cue same-rank med 17.2 (n 94,233)   cross-rank med nan (n 0)
  Jaccard bins (upper edge: med, n): 0.25: 7.7 (5983), 0.5: 11.7 (18428), 0.75: 15.8 (26969), 1.0: 21.1 (42853)
  senses 10000, complete words 1999

== TRAINED checkpoint
  same-word median cos [raw     ] +0.527   rank pairs {'r1-r2': 0.479, 'r1-r3': 0.495, 'r1-r4': 0.511, 'r1-r5': 0.518, 'r2-r3': 0.509, 'r2-r4': 0.516, 'r2-r5': 0.524, 'r3-r4': 0.521, 'r3-r5': 0.521, 'r4-r5': 0.532}
  same-word median cos [global  ] +0.447   rank pairs {'r1-r2': 0.404, 'r1-r3': 0.419, 'r1-r4': 0.433, 'r1-r5': 0.439, 'r2-r3': 0.432, 'r2-r4': 0.436, 'r2-r5': 0.443, 'r3-r4': 0.439, 'r3-r5': 0.437, 'r4-r5': 0.445}
  same-word median cos [perword ] -0.248   rank pairs {'r1-r2': -0.29, 'r1-r3': -0.256, 'r1-r4': -0.243, 'r1-r5': -0.239, 'r2-r3': -0.232, 'r2-r4': -0.245, 'r2-r5': -0.235, 'r3-r4': -0.236, 'r3-r5': -0.248, 'r4-r5': -0.251}
  per-word base norm / sense-deviation norm = 1.26
  UNCENTERED sense centroids: PR 80 (global mean removed), cross-word dev p50/p99.9/max 8.2/28.6/49.3
  WORD centroids (1999 words): PR 110, cross-word |cos| median 0.235, p99.9 0.461
  cross-word dev (protocol centroids): p50 5.56  p99.9 52.6  max 73.1   PR 48
  isotropic prediction at d_eff=PR: p50 ~ 5.60
  null A, isotropic R^d:         p50 0.60  p99.9 2.95
  null B, spectrum-matched Gaussian (word structure kept): p50 5.45  p99.9 26.3  max 43.7
  shared-cue pairs: med 53.5  p90 63.8  P(>21°) 0.997  n 94,233   | disjoint: med 5.55  P(>21°) 0.0080
  shared-cue same-rank med 53.5 (n 94,233)   cross-rank med nan (n 0)
  Jaccard bins (upper edge: med, n): 0.25: 41.2 (5983), 0.5: 45.6 (18428), 0.75: 50.9 (26969), 1.0: 59.7 (42853)
